Component: ARM Compiler 5.06 update 6 (build 750) Tool: armlink [4d35ed]

==============================================================================

Section Cross References

    hid_generic.o(i.HID_Send64Byte) refers to usb_device_hid.o(i.USB_DeviceHidSend) for USB_DeviceHidSend
    hid_generic.o(i.HID_Send64Byte) refers to hid_generic.o(.bss) for .bss
    hid_generic.o(i.USB_DeviceApplicationInit) refers to hid_generic.o(i.USB_DeviceClockInit) for USB_DeviceClockInit
    hid_generic.o(i.USB_DeviceApplicationInit) refers to usb_device_class.o(i.USB_DeviceClassInit) for USB_DeviceClassInit
    hid_generic.o(i.USB_DeviceApplicationInit) refers to fsl_debug_console.o(i.DbgConsole_Printf) for DbgConsole_Printf
    hid_generic.o(i.USB_DeviceApplicationInit) refers to hid_generic.o(i.USB_DeviceIsrEnable) for USB_DeviceIsrEnable
    hid_generic.o(i.USB_DeviceApplicationInit) refers to usb_device_dci.o(i.USB_DeviceRun) for USB_DeviceRun
    hid_generic.o(i.USB_DeviceApplicationInit) refers to hid_generic.o(.bss) for .bss
    hid_generic.o(i.USB_DeviceApplicationInit) refers to hid_generic.o(.data) for .data
    hid_generic.o(i.USB_DeviceCallback) refers to usb_device_class.o(i.USB_DeviceClassGetSpeed) for USB_DeviceClassGetSpeed
    hid_generic.o(i.USB_DeviceCallback) refers to usb_device_descriptor.o(i.USB_DeviceSetSpeed) for USB_DeviceSetSpeed
    hid_generic.o(i.USB_DeviceCallback) refers to usb_device_hid.o(i.USB_DeviceHidRecv) for USB_DeviceHidRecv
    hid_generic.o(i.USB_DeviceCallback) refers to usb_device_descriptor.o(i.USB_DeviceGetDeviceDescriptor) for USB_DeviceGetDeviceDescriptor
    hid_generic.o(i.USB_DeviceCallback) refers to usb_device_descriptor.o(i.USB_DeviceGetConfigurationDescriptor) for USB_DeviceGetConfigurationDescriptor
    hid_generic.o(i.USB_DeviceCallback) refers to usb_device_descriptor.o(i.USB_DeviceGetStringDescriptor) for USB_DeviceGetStringDescriptor
    hid_generic.o(i.USB_DeviceCallback) refers to usb_device_descriptor.o(i.USB_DeviceGetHidDescriptor) for USB_DeviceGetHidDescriptor
    hid_generic.o(i.USB_DeviceCallback) refers to usb_device_descriptor.o(i.USB_DeviceGetHidReportDescriptor) for USB_DeviceGetHidReportDescriptor
    hid_generic.o(i.USB_DeviceCallback) refers to usb_device_descriptor.o(i.USB_DeviceGetHidPhysicalDescriptor) for USB_DeviceGetHidPhysicalDescriptor
    hid_generic.o(i.USB_DeviceCallback) refers to hid_generic.o(.bss) for .bss
    hid_generic.o(i.USB_DeviceClockInit) refers to fsl_clock.o(i.CLOCK_EnableUsbhs0PhyPllClock) for CLOCK_EnableUsbhs0PhyPllClock
    hid_generic.o(i.USB_DeviceClockInit) refers to fsl_clock.o(i.CLOCK_EnableUsbhs0Clock) for CLOCK_EnableUsbhs0Clock
    hid_generic.o(i.USB_DeviceClockInit) refers to usb_phy.o(i.USB_EhciPhyInit) for USB_EhciPhyInit
    hid_generic.o(i.USB_DeviceClockInit) refers to hid_generic.o(.constdata) for .constdata
    hid_generic.o(i.USB_DeviceHidGenericCallback) refers to usb_device_hid.o(i.USB_DeviceHidSend) for USB_DeviceHidSend
    hid_generic.o(i.USB_DeviceHidGenericCallback) refers to usb_device_hid.o(i.USB_DeviceHidRecv) for USB_DeviceHidRecv
    hid_generic.o(i.USB_DeviceHidGenericCallback) refers to hid_generic.o(.bss) for .bss
    hid_generic.o(i.USB_OTG1_IRQHandler) refers to usb_device_ehci.o(i.USB_DeviceEhciIsrFunction) for USB_DeviceEhciIsrFunction
    hid_generic.o(i.USB_OTG1_IRQHandler) refers to hid_generic.o(.bss) for .bss
    hid_generic.o(i.USB_OTG2_IRQHandler) refers to usb_device_ehci.o(i.USB_DeviceEhciIsrFunction) for USB_DeviceEhciIsrFunction
    hid_generic.o(i.USB_OTG2_IRQHandler) refers to hid_generic.o(.bss) for .bss
    hid_generic.o(i.main) refers to board.o(i.BOARD_ConfigMPU) for BOARD_ConfigMPU
    hid_generic.o(i.main) refers to pin_mux.o(i.BOARD_InitPins) for BOARD_InitPins
    hid_generic.o(i.main) refers to clock_config.o(i.BOARD_BootClockRUN) for BOARD_BootClockRUN
    hid_generic.o(i.main) refers to board.o(i.BOARD_InitDebugConsole) for BOARD_InitDebugConsole
    hid_generic.o(i.main) refers to hid_generic.o(i.USB_DeviceApplicationInit) for USB_DeviceApplicationInit
    hid_generic.o(i.main) refers to hid_generic.o(i.HID_Send64Byte) for HID_Send64Byte
    hid_generic.o(i.main) refers to hid_generic.o(i.delay) for delay
    hid_generic.o(i.main) refers to hid_generic.o(.data) for .data
    hid_generic.o(.data) refers to hid_generic.o(i.USB_DeviceHidGenericCallback) for USB_DeviceHidGenericCallback
    hid_generic.o(.data) refers to usb_device_descriptor.o(.data) for g_UsbDeviceHidGenericConfig
    hid_generic.o(.data) refers to hid_generic.o(.data) for g_UsbDeviceHidConfig
    hid_generic.o(.data) refers to hid_generic.o(i.USB_DeviceCallback) for USB_DeviceCallback
    usb_device_descriptor.o(i.USB_DeviceGetConfigurationDescriptor) refers to usb_device_descriptor.o(.data) for .data
    usb_device_descriptor.o(i.USB_DeviceGetDeviceDescriptor) refers to usb_device_descriptor.o(.data) for .data
[...]
    .data                                    0x20000154   Section       12  usb_device_descriptor.o(.data)
    .data                                    0x20000160   Section       12  usb_device_descriptor.o(.data)
    .data                                    0x2000016c   Section       12  usb_device_descriptor.o(.data)
    .data                                    0x20000178   Section        4  fsl_clock.o(.data)
    .data                                    0x2000017c   Section        4  fsl_clock.o(.data)
    .data                                    0x20000180   Section        4  fsl_lpuart.o(.data)
    s_lpuartIsr                              0x20000180   Data           4  fsl_lpuart.o(.data)
    .data                                    0x20000184   Section        4  system_mimxrt1052.o(.data)
    .data                                    0x20000188   Section        8  fsl_io.o(.data)
    s_debugConsoleIO                         0x20000188   Data           8  fsl_io.o(.data)
    .bss                                     0x20000190   Section      152  hid_generic.o(.bss)
    s_GenericBuffer0                         0x20000190   Data          64  hid_generic.o(.bss)
    s_GenericBuffer1                         0x200001d0   Data          64  hid_generic.o(.bss)
    .bss                                     0x20000800   Section     1116  usb_device_ehci.o(.bss)
    qh_buffer                                0x20000800   Data         512  usb_device_ehci.o(.bss)
    s_UsbDeviceEhciDtd                       0x20000a00   Data         512  usb_device_ehci.o(.bss)
    g_UsbDeviceEhciSate                      0x20000c00   Data          92  usb_device_ehci.o(.bss)
    .bss                                     0x20000c5c   Section       36  fsl_lpuart.o(.bss)
    s_lpuartHandle                           0x20000c5c   Data          36  fsl_lpuart.o(.bss)
    .bss.m_usb_global                        0x20000c80   Section      112  usb_device_dci.o(.bss.m_usb_global)
    s_UsbDevice                              0x20000c80   Data         112  usb_device_dci.o(.bss.m_usb_global)
    .bss.m_usb_global                        0x20000cf0   Section       24  usb_device_class.o(.bss.m_usb_global)
    s_UsbDeviceSetupBuffer                   0x20000cf0   Data           8  usb_device_class.o(.bss.m_usb_global)
    s_UsbDeviceCommonClassStruct             0x20000cf8   Data          16  usb_device_class.o(.bss.m_usb_global)
    .bss.m_usb_global                        0x20000d08   Section       40  usb_device_hid.o(.bss.m_usb_global)
    s_UsbDeviceHidHandle                     0x20000d08   Data          40  usb_device_hid.o(.bss.m_usb_global)
    .boot_hdr.conf                           0x60000000   Section      512  evkbimxrt1050_flexspi_nor_config.o(.boot_hdr.conf)
    .boot_hdr.ivt                            0x60001000   Section       32  fsl_flexspi_nor_boot.o(.boot_hdr.ivt)
    .boot_hdr.boot_data                      0x60001020   Section       16  fsl_flexspi_nor_boot.o(.boot_hdr.boot_data)
    .boot_hdr.dcd_data                       0x60001030   Section     1072  evkbimxrt1050_sdram_ini_dcd.o(.boot_hdr.dcd_data)
    RESET                                    0x60002000   Section     1024  startup_mimxrt1052.o(RESET)
    .ARM.Collect$$$$00000000                 0x60002400   Section        0  entry.o(.ARM.Collect$$$$00000000)
    .ARM.Collect$$$$00000003                 0x60002400   Section        4  entry4.o(.ARM.Collect$$$$00000003)
    .ARM.Collect$$$$00000004                 0x60002404   Section        4  entry5.o(.ARM.Collect$$$$00000004)
    .ARM.Collect$$$$00000008                 0x60002408   Section        0  entry7b.o(.ARM.Collect$$$$00000008)
    .ARM.Collect$$$$0000000A                 0x60002408   Section        0  entry8b.o(.ARM.Collect$$$$0000000A)
    .ARM.Collect$$$$0000000B                 0x60002408   Section        8  entry9a.o(.ARM.Collect$$$$0000000B)
    .ARM.Collect$$$$0000000D                 0x60002410   Section        0  entry10a.o(.ARM.Collect$$$$0000000D)
    .ARM.Collect$$$$0000000F                 0x60002410   Section        0  entry11a.o(.ARM.Collect$$$$0000000F)
    .ARM.Collect$$$$00002714                 0x60002410   Section        4  entry4.o(.ARM.Collect$$$$00002714)
    __lit__00000000                          0x60002410   Data           4  entry4.o(.ARM.Collect$$$$00002714)
    .text                                    0x60002414   Section      444  startup_mimxrt1052.o(.text)
    $v0                                      0x60002414   Number         0  startup_mimxrt1052.o(.text)
    .text                                    0x600025d0   Section        0  uldiv.o(.text)
    .text                                    0x60002632   Section        0  memseta.o(.text)
    .text                                    0x60002656   Section        0  strlen.o(.text)
    .text                                    0x60002664   Section        0  llshl.o(.text)
    .text                                    0x60002682   Section        0  llushr.o(.text)
    .text                                    0x600026a4   Section       36  init.o(.text)
    .text                                    0x600026c8   Section        0  __dczerorl2.o(.text)
    i.BOARD_BootClockRUN                     0x60002720   Section        0  clock_config.o(i.BOARD_BootClockRUN)
    i.BOARD_ConfigMPU                        0x600029f8   Section        0  board.o(i.BOARD_ConfigMPU)
    i.BOARD_DebugConsoleSrcFreq              0x60002bac   Section        0  board.o(i.BOARD_DebugConsoleSrcFreq)
    i.BOARD_InitDebugConsole                 0x60002c04   Section        0  board.o(i.BOARD_InitDebugConsole)
    i.BOARD_InitPins                         0x60002c20   Section        0  pin_mux.o(i.BOARD_InitPins)
    i.CLOCK_ControlGate                      0x60002c6c   Section        0  fsl_lpuart.o(i.CLOCK_ControlGate)
    CLOCK_ControlGate                        0x60002c6d   Thumb Code    38  fsl_lpuart.o(i.CLOCK_ControlGate)
    i.CLOCK_EnableUsbhs0Clock                0x60002c98   Section        0  fsl_clock.o(i.CLOCK_EnableUsbhs0Clock)
    i.CLOCK_EnableUsbhs0PhyPllClock          0x60002cf0   Section        0  fsl_clock.o(i.CLOCK_EnableUsbhs0PhyPllClock)
    i.CLOCK_GetDiv                           0x60002d20   Section        0  board.o(i.CLOCK_GetDiv)
    CLOCK_GetDiv                             0x60002d21   Thumb Code    24  board.o(i.CLOCK_GetDiv)
    i.CLOCK_GetOscFreq                       0x60002d3c   Section        0  fsl_clock.o(i.CLOCK_GetOscFreq)
    CLOCK_GetOscFreq                         0x60002d3d   Thumb Code    20  fsl_clock.o(i.CLOCK_GetOscFreq)
    i.CLOCK_GetPllFreq                       0x60002d5c   Section        0  fsl_clock.o(i.CLOCK_GetPllFreq)
    i.CLOCK_InitArmPll                       0x60002ee4   Section        0  fsl_clock.o(i.CLOCK_InitArmPll)
    i.CLOCK_InitSysPll                       0x60002f00   Section        0  fsl_clock.o(i.CLOCK_InitSysPll)
    i.CLOCK_InitUsb1Pll                      0x60002f1c   Section        0  fsl_clock.o(i.CLOCK_InitUsb1Pll)
    i.CLOCK_SetDiv                           0x60002f38   Section        0  clock_config.o(i.CLOCK_SetDiv)
    CLOCK_SetDiv                             0x60002f39   Thumb Code    70  clock_config.o(i.CLOCK_SetDiv)
    i.CLOCK_SetMux                           0x60002f84   Section        0  clock_config.o(i.CLOCK_SetMux)
    CLOCK_SetMux                             0x60002f85   Thumb Code    70  clock_config.o(i.CLOCK_SetMux)
    i.ConvertRadixNumToString                0x60002fd0   Section        0  fsl_str.o(i.ConvertRadixNumToString)
    ConvertRadixNumToString                  0x60002fd1   Thumb Code   112  fsl_str.o(i.ConvertRadixNumToString)
    i.DbgConsole_Init                        0x60003040   Section        0  fsl_debug_console.o(i.DbgConsole_Init)
    i.DbgConsole_Printf                      0x60003058   Section        0  fsl_debug_console.o(i.DbgConsole_Printf)
    i.DbgConsole_RelocateLog                 0x60003084   Section        0  fsl_debug_console.o(i.DbgConsole_RelocateLog)
    DbgConsole_RelocateLog                   0x60003085   Thumb Code    56  fsl_debug_console.o(i.DbgConsole_RelocateLog)
    i.HID_Send64Byte                         0x600030bc   Section        0  hid_generic.o(i.HID_Send64Byte)
    i.IOMUXC_SetPinMux                       0x600030d0   Section        0  pin_mux.o(i.IOMUXC_SetPinMux)
    IOMUXC_SetPinMux                         0x600030d1   Thumb Code    28  pin_mux.o(i.IOMUXC_SetPinMux)
    i.IO_Init                                0x600030ec   Section        0  fsl_io.o(i.IO_Init)
    i.IO_Transfer                            0x60003134   Section        0  fsl_io.o(i.IO_Transfer)
    i.LOG_Init                               0x60003168   Section        0  fsl_log.o(i.LOG_Init)
    i.LOG_Pop                                0x60003184   Section        0  fsl_log.o(i.LOG_Pop)
    i.LOG_Push                               0x6000319a   Section        0  fsl_log.o(i.LOG_Push)
    i.LPUART1_DriverIRQHandler               0x600031ac   Section        0  fsl_lpuart.o(i.LPUART1_DriverIRQHandler)
    i.LPUART2_DriverIRQHandler               0x600031c4   Section        0  fsl_lpuart.o(i.LPUART2_DriverIRQHandler)
    i.LPUART3_DriverIRQHandler               0x600031dc   Section        0  fsl_lpuart.o(i.LPUART3_DriverIRQHandler)
    i.LPUART4_DriverIRQHandler               0x600031f4   Section        0  fsl_lpuart.o(i.LPUART4_DriverIRQHandler)
    i.LPUART5_DriverIRQHandler               0x6000320c   Section        0  fsl_lpuart.o(i.LPUART5_DriverIRQHandler)
    i.LPUART6_DriverIRQHandler               0x60003224   Section        0  fsl_lpuart.o(i.LPUART6_DriverIRQHandler)
    i.LPUART7_DriverIRQHandler               0x6000323c   Section        0  fsl_lpuart.o(i.LPUART7_DriverIRQHandler)
    i.LPUART8_DriverIRQHandler               0x60003254   Section        0  fsl_lpuart.o(i.LPUART8_DriverIRQHandler)
    i.LPUART_ClearStatusFlags                0x6000326c   Section        0  fsl_lpuart.o(i.LPUART_ClearStatusFlags)
    i.LPUART_GetDefaultConfig                0x600032bc   Section        0  fsl_lpuart.o(i.LPUART_GetDefaultConfig)
    i.LPUART_GetInstance                     0x600032ec   Section        0  fsl_lpuart.o(i.LPUART_GetInstance)
    i.LPUART_GetStatusFlags                  0x60003314   Section        0  fsl_lpuart.o(i.LPUART_GetStatusFlags)
    i.LPUART_Init                            0x60003324   Section        0  fsl_lpuart.o(i.LPUART_Init)
    i.LPUART_ReadBlocking                    0x600034d8   Section        0  fsl_lpuart.o(i.LPUART_ReadBlocking)
    i.LPUART_WriteBlocking                   0x60003570   Section        0  fsl_lpuart.o(i.LPUART_WriteBlocking)
    i.StrFormatPrintf                        0x6000358c   Section        0  fsl_str.o(i.StrFormatPrintf)
    i.SystemInit                             0x60003710   Section        0  system_mimxrt1052.o(i.SystemInit)
    i.SystemInitHook                         0x60003808   Section        0  system_mimxrt1052.o(i.SystemInitHook)
    i.USB_DeviceAllocateHandle               0x6000380c   Section        0  usb_device_dci.o(i.USB_DeviceAllocateHandle)
    USB_DeviceAllocateHandle                 0x6000380d   Thumb Code    64  usb_device_dci.o(i.USB_DeviceAllocateHandle)
    i.USB_DeviceApplicationInit              0x60003850   Section        0  hid_generic.o(i.USB_DeviceApplicationInit)
    USB_DeviceApplicationInit                0x60003851   Thumb Code    78  hid_generic.o(i.USB_DeviceApplicationInit)
    i.USB_DeviceCallback                     0x600038e8   Section        0  hid_generic.o(i.USB_DeviceCallback)
    USB_DeviceCallback                       0x600038e9   Thumb Code   256  hid_generic.o(i.USB_DeviceCallback)
    i.USB_DeviceCh9GetConfiguration          0x600039ec   Section        0  usb_device_ch9.o(i.USB_DeviceCh9GetConfiguration)
    USB_DeviceCh9GetConfiguration            0x600039ed   Thumb Code    52  usb_device_ch9.o(i.USB_DeviceCh9GetConfiguration)
    i.USB_DeviceCh9GetDescriptor             0x60003a20   Section        0  usb_device_ch9.o(i.USB_DeviceCh9GetDescriptor)
    USB_DeviceCh9GetDescriptor               0x60003a21   Thumb Code   186  usb_device_ch9.o(i.USB_DeviceCh9GetDescriptor)
    i.USB_DeviceCh9GetInterface              0x60003ada   Section        0  usb_device_ch9.o(i.USB_DeviceCh9GetInterface)
    USB_DeviceCh9GetInterface                0x60003adb   Thumb Code    68  usb_device_ch9.o(i.USB_DeviceCh9GetInterface)
    i.USB_DeviceCh9GetStatus                 0x60003b1e   Section        0  usb_device_ch9.o(i.USB_DeviceCh9GetStatus)
    USB_DeviceCh9GetStatus                   0x60003b1f   Thumb Code   138  usb_device_ch9.o(i.USB_DeviceCh9GetStatus)
    i.USB_DeviceCh9SetAddress                0x60003ba8   Section        0  usb_device_ch9.o(i.USB_DeviceCh9SetAddress)
    USB_DeviceCh9SetAddress                  0x60003ba9   Thumb Code    86  usb_device_ch9.o(i.USB_DeviceCh9SetAddress)
    i.USB_DeviceCh9SetClearFeature           0x60003bfe   Section        0  usb_device_ch9.o(i.USB_DeviceCh9SetClearFeature)
    USB_DeviceCh9SetClearFeature             0x60003bff   Thumb Code   146  usb_device_ch9.o(i.USB_DeviceCh9SetClearFeature)
    i.USB_DeviceCh9SetConfiguration          0x60003c90   Section        0  usb_device_ch9.o(i.USB_DeviceCh9SetConfiguration)
    USB_DeviceCh9SetConfiguration            0x60003c91   Thumb Code    88  usb_device_ch9.o(i.USB_DeviceCh9SetConfiguration)
    i.USB_DeviceCh9SetInterface              0x60003ce8   Section        0  usb_device_ch9.o(i.USB_DeviceCh9SetInterface)
    USB_DeviceCh9SetInterface                0x60003ce9   Thumb Code    62  usb_device_ch9.o(i.USB_DeviceCh9SetInterface)
    i.USB_DeviceCh9SynchFrame                0x60003d26   Section        0  usb_device_ch9.o(i.USB_DeviceCh9SynchFrame)
    USB_DeviceCh9SynchFrame                  0x60003d27   Thumb Code    64  usb_device_ch9.o(i.USB_DeviceCh9SynchFrame)
    i.USB_DeviceClassAllocateHandle          0x60003d68   Section        0  usb_device_class.o(i.USB_DeviceClassAllocateHandle)
    USB_DeviceClassAllocateHandle            0x60003d69   Thumb Code    66  usb_device_class.o(i.USB_DeviceClassAllocateHandle)
    i.USB_DeviceClassCallback                0x60003db0   Section        0  usb_device_class.o(i.USB_DeviceClassCallback)
    i.USB_DeviceClassEvent                   0x60003de8   Section        0  usb_device_class.o(i.USB_DeviceClassEvent)
    i.USB_DeviceClassFreeHandle              0x60003e64   Section        0  usb_device_class.o(i.USB_DeviceClassFreeHandle)
    USB_DeviceClassFreeHandle                0x60003e65   Thumb Code    50  usb_device_class.o(i.USB_DeviceClassFreeHandle)
    i.USB_DeviceClassGetDeviceHandle         0x60003e9c   Section        0  usb_device_class.o(i.USB_DeviceClassGetDeviceHandle)
    i.USB_DeviceClassGetHandleByControllerId 0x60003ed0   Section        0  usb_device_class.o(i.USB_DeviceClassGetHandleByControllerId)
    USB_DeviceClassGetHandleByControllerId   0x60003ed1   Thumb Code    46  usb_device_class.o(i.USB_DeviceClassGetHandleByControllerId)
    i.USB_DeviceClassGetHandleByDeviceHandle 0x60003f04   Section        0  usb_device_class.o(i.USB_DeviceClassGetHandleByDeviceHandle)
    USB_DeviceClassGetHandleByDeviceHandle   0x60003f05   Thumb Code    42  usb_device_class.o(i.USB_DeviceClassGetHandleByDeviceHandle)
    i.USB_DeviceClassGetSpeed                0x60003f34   Section        0  usb_device_class.o(i.USB_DeviceClassGetSpeed)
    i.USB_DeviceClassInit                    0x60003f50   Section        0  usb_device_class.o(i.USB_DeviceClassInit)
    i.USB_DeviceClockInit                    0x60004000   Section        0  hid_generic.o(i.USB_DeviceClockInit)
    i.USB_DeviceControl                      0x60004034   Section        0  usb_device_dci.o(i.USB_DeviceControl)
    USB_DeviceControl                        0x60004035   Thumb Code    20  usb_device_dci.o(i.USB_DeviceControl)
    i.USB_DeviceControlCallback              0x60004048   Section        0  usb_device_ch9.o(i.USB_DeviceControlCallback)
    i.USB_DeviceControlCallbackFeedback      0x600041e4   Section        0  usb_device_ch9.o(i.USB_DeviceControlCallbackFeedback)
    USB_DeviceControlCallbackFeedback        0x600041e5   Thumb Code   100  usb_device_ch9.o(i.USB_DeviceControlCallbackFeedback)
    i.USB_DeviceControlPipeInit              0x60004248   Section        0  usb_device_ch9.o(i.USB_DeviceControlPipeInit)
    i.USB_DeviceDeinit                       0x600042a4   Section        0  usb_device_dci.o(i.USB_DeviceDeinit)
    i.USB_DeviceDeinitEndpoint               0x600042c6   Section        0  usb_device_dci.o(i.USB_DeviceDeinitEndpoint)
    i.USB_DeviceEhciCancel                   0x60004302   Section        0  usb_device_ehci.o(i.USB_DeviceEhciCancel)
    i.USB_DeviceEhciCancelControlPipe        0x60004410   Section        0  usb_device_ehci.o(i.USB_DeviceEhciCancelControlPipe)
    USB_DeviceEhciCancelControlPipe          0x60004411   Thumb Code   200  usb_device_ehci.o(i.USB_DeviceEhciCancelControlPipe)
    i.USB_DeviceEhciControl                  0x600044d8   Section        0  usb_device_ehci.o(i.USB_DeviceEhciControl)
    i.USB_DeviceEhciDeinit                   0x6000462c   Section        0  usb_device_ehci.o(i.USB_DeviceEhciDeinit)
    i.USB_DeviceEhciEndpointDeinit           0x6000465a   Section        0  usb_device_ehci.o(i.USB_DeviceEhciEndpointDeinit)
    USB_DeviceEhciEndpointDeinit             0x6000465b   Thumb Code   142  usb_device_ehci.o(i.USB_DeviceEhciEndpointDeinit)
    i.USB_DeviceEhciEndpointInit             0x600046e8   Section        0  usb_device_ehci.o(i.USB_DeviceEhciEndpointInit)
    USB_DeviceEhciEndpointInit               0x600046e9   Thumb Code   292  usb_device_ehci.o(i.USB_DeviceEhciEndpointInit)
    i.USB_DeviceEhciEndpointStall            0x6000480c   Section        0  usb_device_ehci.o(i.USB_DeviceEhciEndpointStall)
    USB_DeviceEhciEndpointStall              0x6000480d   Thumb Code   118  usb_device_ehci.o(i.USB_DeviceEhciEndpointStall)
    i.USB_DeviceEhciFillSetupBuffer          0x60004884   Section        0  usb_device_ehci.o(i.USB_DeviceEhciFillSetupBuffer)
    USB_DeviceEhciFillSetupBuffer            0x60004885   Thumb Code   122  usb_device_ehci.o(i.USB_DeviceEhciFillSetupBuffer)
    i.USB_DeviceEhciInit                     0x60004900   Section        0  usb_device_ehci.o(i.USB_DeviceEhciInit)
    i.USB_DeviceEhciInterruptTokenDone       0x60004970   Section        0  usb_device_ehci.o(i.USB_DeviceEhciInterruptTokenDone)
    USB_DeviceEhciInterruptTokenDone         0x60004971   Thumb Code   524  usb_device_ehci.o(i.USB_DeviceEhciInterruptTokenDone)
    i.USB_DeviceEhciIsrFunction              0x60004b7c   Section        0  usb_device_ehci.o(i.USB_DeviceEhciIsrFunction)
    i.USB_DeviceEhciRecv                     0x60004c38   Section        0  usb_device_ehci.o(i.USB_DeviceEhciRecv)
    i.USB_DeviceEhciSend                     0x60004c40   Section        0  usb_device_ehci.o(i.USB_DeviceEhciSend)
    i.USB_DeviceEhciSetDefaultState          0x60004c4c   Section        0  usb_device_ehci.o(i.USB_DeviceEhciSetDefaultState)
    USB_DeviceEhciSetDefaultState            0x60004c4d   Thumb Code   174  usb_device_ehci.o(i.USB_DeviceEhciSetDefaultState)
    i.USB_DeviceEhciTransfer                 0x60004cfc   Section        0  usb_device_ehci.o(i.USB_DeviceEhciTransfer)
    USB_DeviceEhciTransfer                   0x60004cfd   Thumb Code   440  usb_device_ehci.o(i.USB_DeviceEhciTransfer)
    i.USB_DeviceFreeHandle                   0x60004eb4   Section        0  usb_device_dci.o(i.USB_DeviceFreeHandle)
    USB_DeviceFreeHandle                     0x60004eb5   Thumb Code    28  usb_device_dci.o(i.USB_DeviceFreeHandle)
    i.USB_DeviceGetConfigurationDescriptor   0x60004ed0   Section        0  usb_device_descriptor.o(i.USB_DeviceGetConfigurationDescriptor)
    i.USB_DeviceGetDeviceDescriptor          0x60004ee8   Section        0  usb_device_descriptor.o(i.USB_DeviceGetDeviceDescriptor)
    i.USB_DeviceGetHidDescriptor             0x60004ef8   Section        0  usb_device_descriptor.o(i.USB_DeviceGetHidDescriptor)
    i.USB_DeviceGetHidPhysicalDescriptor     0x60004efc   Section        0  usb_device_descriptor.o(i.USB_DeviceGetHidPhysicalDescriptor)
    i.USB_DeviceGetHidReportDescriptor       0x60004f00   Section        0  usb_device_descriptor.o(i.USB_DeviceGetHidReportDescriptor)
    i.USB_DeviceGetStatus                    0x60004f18   Section        0  usb_device_dci.o(i.USB_DeviceGetStatus)
    i.USB_DeviceGetStringDescriptor          0x60004f64   Section        0  usb_device_descriptor.o(i.USB_DeviceGetStringDescriptor)
    i.USB_DeviceHidDeinit                    0x60004fc0   Section        0  usb_device_hid.o(i.USB_DeviceHidDeinit)
    i.USB_DeviceHidEndpointsDeinit           0x60004fde   Section        0  usb_device_hid.o(i.USB_DeviceHidEndpointsDeinit)
    USB_DeviceHidEndpointsDeinit             0x60004fdf   Thumb Code    44  usb_device_hid.o(i.USB_DeviceHidEndpointsDeinit)
    i.USB_DeviceHidEndpointsInit             0x6000500c   Section        0  usb_device_hid.o(i.USB_DeviceHidEndpointsInit)
    USB_DeviceHidEndpointsInit               0x6000500d   Thumb Code   258  usb_device_hid.o(i.USB_DeviceHidEndpointsInit)
    i.USB_DeviceHidEvent                     0x60005118   Section        0  usb_device_hid.o(i.USB_DeviceHidEvent)
    i.USB_DeviceHidGenericCallback           0x60005380   Section        0  hid_generic.o(i.USB_DeviceHidGenericCallback)
    USB_DeviceHidGenericCallback             0x60005381   Thumb Code    80  hid_generic.o(i.USB_DeviceHidGenericCallback)
    i.USB_DeviceHidInit                      0x600053d4   Section        0  usb_device_hid.o(i.USB_DeviceHidInit)
    i.USB_DeviceHidInterruptIn               0x60005410   Section        0  usb_device_hid.o(i.USB_DeviceHidInterruptIn)
    USB_DeviceHidInterruptIn                 0x60005411   Thumb Code    40  usb_device_hid.o(i.USB_DeviceHidInterruptIn)
    i.USB_DeviceHidInterruptOut              0x60005438   Section        0  usb_device_hid.o(i.USB_DeviceHidInterruptOut)
    USB_DeviceHidInterruptOut                0x60005439   Thumb Code    40  usb_device_hid.o(i.USB_DeviceHidInterruptOut)
    i.USB_DeviceHidRecv                      0x60005460   Section        0  usb_device_hid.o(i.USB_DeviceHidRecv)
    i.USB_DeviceHidSend                      0x60005498   Section        0  usb_device_hid.o(i.USB_DeviceHidSend)
    i.USB_DeviceInit                         0x600054d0   Section        0  usb_device_dci.o(i.USB_DeviceInit)
    i.USB_DeviceInitEndpoint                 0x6000557c   Section        0  usb_device_dci.o(i.USB_DeviceInitEndpoint)
    i.USB_DeviceIsrEnable                    0x600055bc   Section        0  hid_generic.o(i.USB_DeviceIsrEnable)
    i.USB_DeviceNotification                 0x60005604   Section        0  usb_device_dci.o(i.USB_DeviceNotification)
    USB_DeviceNotification                   0x60005605   Thumb Code   146  usb_device_dci.o(i.USB_DeviceNotification)
    i.USB_DeviceNotificationTrigger          0x60005696   Section        0  usb_device_dci.o(i.USB_DeviceNotificationTrigger)
    i.USB_DeviceRecvRequest                  0x600056aa   Section        0  usb_device_dci.o(i.USB_DeviceRecvRequest)
    i.USB_DeviceRun                          0x600056b2   Section        0  usb_device_dci.o(i.USB_DeviceRun)
    i.USB_DeviceSendRequest                  0x600056ba   Section        0  usb_device_dci.o(i.USB_DeviceSendRequest)
    i.USB_DeviceSetSpeed                     0x600056c8   Section        0  usb_device_descriptor.o(i.USB_DeviceSetSpeed)
    i.USB_DeviceSetStatus                    0x60005748   Section        0  usb_device_dci.o(i.USB_DeviceSetStatus)
    i.USB_DeviceStallEndpoint                0x600057ae   Section        0  usb_device_dci.o(i.USB_DeviceStallEndpoint)
    i.USB_DeviceTransfer                     0x600057ca   Section        0  usb_device_dci.o(i.USB_DeviceTransfer)
    USB_DeviceTransfer                       0x600057cb   Thumb Code   118  usb_device_dci.o(i.USB_DeviceTransfer)
    i.USB_DeviceUnstallEndpoint              0x60005840   Section        0  usb_device_dci.o(i.USB_DeviceUnstallEndpoint)
    i.USB_EhciPhyGetBase                     0x6000585c   Section        0  usb_phy.o(i.USB_EhciPhyGetBase)
    i.USB_EhciPhyInit                        0x600058ac   Section        0  usb_phy.o(i.USB_EhciPhyInit)
    i.USB_OTG1_IRQHandler                    0x60005914   Section        0  hid_generic.o(i.USB_OTG1_IRQHandler)
    i.USB_OTG2_IRQHandler                    0x60005920   Section        0  hid_generic.o(i.USB_OTG2_IRQHandler)
    i.USB_OsaEnterCritical                   0x6000592c   Section        0  usb_osa_bm.o(i.USB_OsaEnterCritical)
    i.USB_OsaExitCritical                    0x60005938   Section        0  usb_osa_bm.o(i.USB_OsaExitCritical)
    i.__scatterload_copy                     0x6000593e   Section       14  handlers.o(i.__scatterload_copy)
    i.__scatterload_null                     0x6000594c   Section        2  handlers.o(i.__scatterload_null)
    i.__scatterload_zeroinit                 0x6000594e   Section       14  handlers.o(i.__scatterload_zeroinit)
    i.delay                                  0x6000595c   Section        0  hid_generic.o(i.delay)
    i.main                                   0x60005970   Section        0  hid_generic.o(i.main)
    .constdata                               0x600059bc   Section        3  hid_generic.o(.constdata)
    .constdata                               0x600059c0   Section       16  clock_config.o(.constdata)
    .constdata                               0x600059d0   Section        8  usb_device_ehci.o(.constdata)
    .constdata                               0x600059d8   Section       24  usb_phy.o(.constdata)
    .constdata                               0x600059f0   Section       16  fsl_clock.o(.constdata)
    .constdata                               0x60005a00   Section       72  fsl_lpuart.o(.constdata)
    s_lpuartBases                            0x60005a00   Data          36  fsl_lpuart.o(.constdata)
    s_lpuartIRQ                              0x60005a24   Data          18  fsl_lpuart.o(.constdata)
    s_lpuartClock                            0x60005a36   Data          18  fsl_lpuart.o(.constdata)
    .constdata                               0x60005a48   Section       24  usb_device_dci.o(.constdata)
    s_UsbDeviceEhciInterface                 0x60005a48   Data          24  usb_device_dci.o(.constdata)
    .constdata                               0x60005a60   Section       52  usb_device_ch9.o(.constdata)
    s_UsbDeviceStandardRequest               0x60005a60   Data          52  usb_device_ch9.o(.constdata)
    .constdata                               0x60005a94   Section       32  usb_device_class.o(.constdata)
    s_UsbDeviceClassInterfaceMap             0x60005a94   Data          32  usb_device_class.o(.constdata)

    Global Symbols

    Symbol Name                              Value     Ov Type        Size  Object(Section)

    BuildAttributes$$THM_ISAv4$E$P$D$K$B$S$7EM$VFPv5_D16$PE$PLD8$A:L22UL41UL21$X:L11$S22US41US21$IEEE1$IW$USESV6$~STKCKD$USESV7$~SHL$OSPACE$EBA8$MICROLIB$REQ8$PRES8$EABIv2 0x00000000   Number         0  anon$$obj.o ABSOLUTE
    __ARM_use_no_argv                        0x00000000   Number         0  hid_generic.o ABSOLUTE
    __cpp_initialize__aeabi_                  - Undefined Weak Reference
    __cxa_finalize                            - Undefined Weak Reference
    _clock_init                               - Undefined Weak Reference
    _microlib_exit                            - Undefined Weak Reference
    __Vectors_Size                           0x00000400   Number         0  startup_mimxrt1052.o ABSOLUTE
    g_UsbDeviceHidConfig                     0x20000000   Data          12  hid_generic.o(.data)
    g_UsbDeviceHidConfigList                 0x2000000c   Data          12  hid_generic.o(.data)
    testArry                                 0x20000018   Data          64  hid_generic.o(.data)
    g_UsbDeviceHidGenericEndpoints           0x20000058   Data           8  usb_device_descriptor.o(.data)
    g_UsbDeviceHidGenericReportDescriptor    0x20000060   Data          33  usb_device_descriptor.o(.data)
    g_UsbDeviceDescriptor                    0x20000084   Data          18  usb_device_descriptor.o(.data)
    g_UsbDeviceConfigurationDescriptor       0x20000098   Data          41  usb_device_descriptor.o(.data)
    g_UsbDeviceLanguageList                  0x200000c4   Data          16  usb_device_descriptor.o(.data)
    g_UsbDeviceHidGenericInterface           0x200000d4   Data          16  usb_device_descriptor.o(.data)
    g_UsbDeviceHidGenericInterfaces          0x200000e4   Data          12  usb_device_descriptor.o(.data)
    g_UsbDeviceHidGenericInterfaceList       0x200000f0   Data           8  usb_device_descriptor.o(.data)
    g_UsbDeviceHidGenericConfig              0x200000f8   Data           8  usb_device_descriptor.o(.data)
    g_UsbDeviceString0                       0x20000100   Data           4  usb_device_descriptor.o(.data)
    g_UsbDeviceString1                       0x20000104   Data          38  usb_device_descriptor.o(.data)
    g_UsbDeviceString2                       0x2000012c   Data          38  usb_device_descriptor.o(.data)
    g_UsbDeviceStringDescriptorLength        0x20000154   Data          12  usb_device_descriptor.o(.data)
    g_UsbDeviceStringDescriptorArray         0x20000160   Data          12  usb_device_descriptor.o(.data)
    g_UsbDeviceLanguage                      0x2000016c   Data          12  usb_device_descriptor.o(.data)
    g_xtalFreq                               0x20000178   Data           4  fsl_clock.o(.data)
    g_rtcXtalFreq                            0x2000017c   Data           4  fsl_clock.o(.data)
    SystemCoreClock                          0x20000184   Data           4  system_mimxrt1052.o(.data)
    g_UsbDeviceHidGeneric                    0x20000210   Data          24  hid_generic.o(.bss)
    Image$$ARM_LIB_HEAP$$ZI$$Base            0x20000d30   Number         0  anon$$obj.o ABSOLUTE
    Image$$ARM_LIB_HEAP$$ZI$$Limit           0x20002d30   Number         0  anon$$obj.o ABSOLUTE
    Image$$ARM_LIB_STACK$$ZI$$Limit          0x20020000   Number         0  anon$$obj.o ABSOLUTE
    Image$$RW_m_config_text$$Base            0x60000000   Number         0  anon$$obj.o ABSOLUTE
    Qspiflash_config                         0x60000000   Data         512  evkbimxrt1050_flexspi_nor_config.o(.boot_hdr.conf)
    image_vector_table                       0x60001000   Data          32  fsl_flexspi_nor_boot.o(.boot_hdr.ivt)
    boot_data                                0x60001020   Data          16  fsl_flexspi_nor_boot.o(.boot_hdr.boot_data)
    dcd_data                                 0x60001030   Data        1072  evkbimxrt1050_sdram_ini_dcd.o(.boot_hdr.dcd_data)
    __Vectors                                0x60002000   Data           4  startup_mimxrt1052.o(RESET)
    __Vectors_End                            0x60002400   Data           0  startup_mimxrt1052.o(RESET)
    __main                                   0x60002401   Thumb Code     0  entry.o(.ARM.Collect$$$$00000000)
    _main_stk                                0x60002401   Thumb Code     0  entry4.o(.ARM.Collect$$$$00000003)
    _main_scatterload                        0x60002405   Thumb Code     0  entry5.o(.ARM.Collect$$$$00000004)
    __main_after_scatterload                 0x60002409   Thumb Code     0  entry5.o(.ARM.Collect$$$$00000004)
    _main_clock                              0x60002409   Thumb Code     0  entry7b.o(.ARM.Collect$$$$00000008)
    _main_cpp_init                           0x60002409   Thumb Code     0  entry8b.o(.ARM.Collect$$$$0000000A)
    _main_init                               0x60002409   Thumb Code     0  entry9a.o(.ARM.Collect$$$$0000000B)
    __rt_final_cpp                           0x60002411   Thumb Code     0  entry10a.o(.ARM.Collect$$$$0000000D)
    __rt_final_exit                          0x60002411   Thumb Code     0  entry11a.o(.ARM.Collect$$$$0000000F)
    Reset_Handler                            0x60002415   Thumb Code    24  startup_mimxrt1052.o(.text)
    NMI_Handler                              0x6000242d   Thumb Code     2  startup_mimxrt1052.o(.text)
    HardFault_Handler                        0x6000242f   Thumb Code     2  startup_mimxrt1052.o(.text)
    MemManage_Handler                        0x60002431   Thumb Code     2  startup_mimxrt1052.o(.text)
    BusFault_Handler                         0x60002433   Thumb Code     2  startup_mimxrt1052.o(.text)
    UsageFault_Handler                       0x60002435   Thumb Code     2  startup_mimxrt1052.o(.text)
    SVC_Handler                              0x60002437   Thumb Code     2  startup_mimxrt1052.o(.text)
    DebugMon_Handler                         0x60002439   Thumb Code     2  startup_mimxrt1052.o(.text)
    PendSV_Handler                           0x6000243b   Thumb Code     2  startup_mimxrt1052.o(.text)
    SysTick_Handler                          0x6000243d   Thumb Code     2  startup_mimxrt1052.o(.text)
    DMA0_DMA16_IRQHandler                    0x6000243f   Thumb Code     4  startup_mimxrt1052.o(.text)
    DMA1_DMA17_IRQHandler                    0x60002443   Thumb Code     4  startup_mimxrt1052.o(.text)
    DMA2_DMA18_IRQHandler                    0x60002447   Thumb Code     4  startup_mimxrt1052.o(.text)
    DMA3_DMA19_IRQHandler                    0x6000244b   Thumb Code     4  startup_mimxrt1052.o(.text)
    DMA4_DMA20_IRQHandler                    0x6000244f   Thumb Code     4  startup_mimxrt1052.o(.text)
    DMA5_DMA21_IRQHandler                    0x60002453   Thumb Code     4  startup_mimxrt1052.o(.text)
    DMA6_DMA22_IRQHandler                    0x60002457   Thumb Code     4  startup_mimxrt1052.o(.text)
    DMA7_DMA23_IRQHandler                    0x6000245b   Thumb Code     4  startup_mimxrt1052.o(.text)
    DMA8_DMA24_IRQHandler                    0x6000245f   Thumb Code     4  startup_mimxrt1052.o(.text)
    DMA9_DMA25_IRQHandler                    0x60002463   Thumb Code     4  startup_mimxrt1052.o(.text)
    DMA10_DMA26_IRQHandler                   0x60002467   Thumb Code     4  startup_mimxrt1052.o(.text)
    DMA11_DMA27_IRQHandler                   0x6000246b   Thumb Code     4  startup_mimxrt1052.o(.text)
    DMA12_DMA28_IRQHandler                   0x6000246f   Thumb Code     4  startup_mimxrt1052.o(.text)
    DMA13_DMA29_IRQHandler                   0x60002473   Thumb Code     4  startup_mimxrt1052.o(.text)
    DMA14_DMA30_IRQHandler                   0x60002477   Thumb Code     4  startup_mimxrt1052.o(.text)
    DMA15_DMA31_IRQHandler                   0x6000247b   Thumb Code     4  startup_mimxrt1052.o(.text)
    DMA_ERROR_IRQHandler                     0x6000247f   Thumb Code     4  startup_mimxrt1052.o(.text)
    LPUART1_IRQHandler                       0x60002483   Thumb Code     4  startup_mimxrt1052.o(.text)
    LPUART2_IRQHandler                       0x60002487   Thumb Code     4  startup_mimxrt1052.o(.text)
    LPUART3_IRQHandler                       0x6000248b   Thumb Code     4  startup_mimxrt1052.o(.text)
    LPUART4_IRQHandler                       0x6000248f   Thumb Code     4  startup_mimxrt1052.o(.text)
    LPUART5_IRQHandler                       0x60002493   Thumb Code     4  startup_mimxrt1052.o(.text)
    LPUART6_IRQHandler                       0x60002497   Thumb Code     4  startup_mimxrt1052.o(.text)
    LPUART7_IRQHandler                       0x6000249b   Thumb Code     4  startup_mimxrt1052.o(.text)
    LPUART8_IRQHandler                       0x6000249f   Thumb Code     4  startup_mimxrt1052.o(.text)
    LPI2C1_IRQHandler                        0x600024a3   Thumb Code     4  startup_mimxrt1052.o(.text)
    LPI2C2_IRQHandler                        0x600024a7   Thumb Code     4  startup_mimxrt1052.o(.text)
    LPI2C3_IRQHandler                        0x600024ab   Thumb Code     4  startup_mimxrt1052.o(.text)
    LPI2C4_IRQHandler                        0x600024af   Thumb Code     4  startup_mimxrt1052.o(.text)
    LPSPI1_IRQHandler                        0x600024b3   Thumb Code     4  startup_mimxrt1052.o(.text)
    LPSPI2_IRQHandler                        0x600024b7   Thumb Code     4  startup_mimxrt1052.o(.text)
    LPSPI3_IRQHandler                        0x600024bb   Thumb Code     4  startup_mimxrt1052.o(.text)
    LPSPI4_IRQHandler                        0x600024bf   Thumb Code     4  startup_mimxrt1052.o(.text)
    CAN1_IRQHandler                          0x600024c3   Thumb Code     4  startup_mimxrt1052.o(.text)
    CAN2_IRQHandler                          0x600024c7   Thumb Code     4  startup_mimxrt1052.o(.text)
    SAI1_IRQHandler                          0x600024cb   Thumb Code     4  startup_mimxrt1052.o(.text)
    SAI2_IRQHandler                          0x600024cf   Thumb Code     4  startup_mimxrt1052.o(.text)
    SAI3_RX_IRQHandler                       0x600024d3   Thumb Code     4  startup_mimxrt1052.o(.text)
    SAI3_TX_IRQHandler                       0x600024d7   Thumb Code     4  startup_mimxrt1052.o(.text)
    SPDIF_IRQHandler                         0x600024db   Thumb Code     4  startup_mimxrt1052.o(.text)
    FLEXIO1_IRQHandler                       0x600024df   Thumb Code     4  startup_mimxrt1052.o(.text)
    FLEXIO2_IRQHandler                       0x600024e3   Thumb Code     4  startup_mimxrt1052.o(.text)
    FLEXSPI_IRQHandler                       0x600024e7   Thumb Code     4  startup_mimxrt1052.o(.text)
    USDHC1_IRQHandler                        0x600024eb   Thumb Code     4  startup_mimxrt1052.o(.text)
    USDHC2_IRQHandler                        0x600024ef   Thumb Code     4  startup_mimxrt1052.o(.text)
    ENET_IRQHandler                          0x600024f3   Thumb Code     4  startup_mimxrt1052.o(.text)
    ENET_1588_Timer_IRQHandler               0x600024f7   Thumb Code     4  startup_mimxrt1052.o(.text)
    ACMP1_IRQHandler                         0x600024fb   Thumb Code     0  startup_mimxrt1052.o(.text)
    ACMP2_IRQHandler                         0x600024fb   Thumb Code     0  startup_mimxrt1052.o(.text)
    ACMP3_IRQHandler                         0x600024fb   Thumb Code     0  startup_mimxrt1052.o(.text)
    ACMP4_IRQHandler                         0x600024fb   Thumb Code     0  startup_mimxrt1052.o(.text)
    ADC1_IRQHandler                          0x600024fb   Thumb Code     0  startup_mimxrt1052.o(.text)
    ADC2_IRQHandler                          0x600024fb   Thumb Code     0  startup_mimxrt1052.o(.text)
    ADC_ETC_ERROR_IRQ_IRQHandler             0x600024fb   Thumb Code     0  startup_mimxrt1052.o(.text)
    ADC_ETC_IRQ0_IRQHandler                  0x600024fb   Thumb Code     0  startup_mimxrt1052.o(.text)
    ADC_ETC_IRQ1_IRQHandler                  0x600024fb   Thumb Code     0  startup_mimxrt1052.o(.text)
    ADC_ETC_IRQ2_IRQHandler                  0x600024fb   Thumb Code     0  startup_mimxrt1052.o(.text)
    ANATOP_EVENT0_IRQHandler                 0x600024fb   Thumb Code     0  startup_mimxrt1052.o(.text)
    ANATOP_EVENT1_IRQHandler                 0x600024fb   Thumb Code     0  startup_mimxrt1052.o(.text)
    ANATOP_TAMP_LOW_HIGH_IRQHandler          0x600024fb   Thumb Code     0  startup_mimxrt1052.o(.text)
    ANATOP_TEMP_PANIC_IRQHandler             0x600024fb   Thumb Code     0  startup_mimxrt1052.o(.text)
    BEE_IRQHandler                           0x600024fb   Thumb Code     0  startup_mimxrt1052.o(.text)
    CAN1_DriverIRQHandler                    0x600024fb   Thumb Code     0  startup_mimxrt1052.o(.text)
    CAN2_DriverIRQHandler                    0x600024fb   Thumb Code     0  startup_mimxrt1052.o(.text)
    CCM_1_IRQHandler                         0x600024fb   Thumb Code     0  startup_mimxrt1052.o(.text)
    CCM_2_IRQHandler                         0x600024fb   Thumb Code     0  startup_mimxrt1052.o(.text)
    CORE_IRQHandler                          0x600024fb   Thumb Code     0  startup_mimxrt1052.o(.text)
    CSI_IRQHandler                           0x600024fb   Thumb Code     0  startup_mimxrt1052.o(.text)
    CSU_IRQHandler                           0x600024fb   Thumb Code     0  startup_mimxrt1052.o(.text)
    CTI0_ERROR_IRQHandler                    0x600024fb   Thumb Code     0  startup_mimxrt1052.o(.text)
    CTI1_ERROR_IRQHandler                    0x600024fb   Thumb Code     0  startup_mimxrt1052.o(.text)
    DCDC_IRQHandler                          0x600024fb   Thumb Code     0  startup_mimxrt1052.o(.text)
    DCP_IRQHandler                           0x600024fb   Thumb Code     0  startup_mimxrt1052.o(.text)
    DCP_VMI_IRQHandler                       0x600024fb   Thumb Code     0  startup_mimxrt1052.o(.text)
    DMA0_DMA16_DriverIRQHandler              0x600024fb   Thumb Code     0  startup_mimxrt1052.o(.text)
    DMA10_DMA26_DriverIRQHandler             0x600024fb   Thumb Code     0  startup_mimxrt1052.o(.text)
    DMA11_DMA27_DriverIRQHandler             0x600024fb   Thumb Code     0  startup_mimxrt1052.o(.text)
    DMA12_DMA28_DriverIRQHandler             0x600024fb   Thumb Code     0  startup_mimxrt1052.o(.text)
    DMA13_DMA29_DriverIRQHandler             0x600024fb   Thumb Code     0  startup_mimxrt1052.o(.text)
    DMA14_DMA30_DriverIRQHandler             0x600024fb   Thumb Code     0  startup_mimxrt1052.o(.text)
    DMA15_DMA31_DriverIRQHandler             0x600024fb   Thumb Code     0  startup_mimxrt1052.o(.text)
    DMA1_DMA17_DriverIRQHandler              0x600024fb   Thumb Code     0  startup_mimxrt1052.o(.text)
    DMA2_DMA18_DriverIRQHandler              0x600024fb   Thumb Code     0  startup_mimxrt1052.o(.text)
    DMA3_DMA19_DriverIRQHandler              0x600024fb   Thumb Code     0  startup_mimxrt1052.o(.text)
    DMA4_DMA20_DriverIRQHandler              0x600024fb   Thumb Code     0  startup_mimxrt1052.o(.text)
    DMA5_DMA21_DriverIRQHandler              0x600024fb   Thumb Code     0  startup_mimxrt1052.o(.text)
    DMA6_DMA22_DriverIRQHandler              0x600024fb   Thumb Code     0  startup_mimxrt1052.o(.text)
    DMA7_DMA23_DriverIRQHandler              0x600024fb   Thumb Code     0  startup_mimxrt1052.o(.text)
    DMA8_DMA24_DriverIRQHandler              0x600024fb   Thumb Code     0  startup_mimxrt1052.o(.text)
    DMA9_DMA25_DriverIRQHandler              0x600024fb   Thumb Code     0  startup_mimxrt1052.o(.text)
    DMA_ERROR_DriverIRQHandler               0x600024fb   Thumb Code     0  startup_mimxrt1052.o(.text)
    DefaultISR                               0x600024fb   Thumb Code     0  startup_mimxrt1052.o(.text)
    ENC1_IRQHandler                          0x600024fb   Thumb Code     0  startup_mimxrt1052.o(.text)
    ENC2_IRQHandler                          0x600024fb   Thumb Code     0  startup_mimxrt1052.o(.text)
    ENC3_IRQHandler                          0x600024fb   Thumb Code     0  startup_mimxrt1052.o(.text)
    ENC4_IRQHandler                          0x600024fb   Thumb Code     0  startup_mimxrt1052.o(.text)
    ENET_1588_Timer_DriverIRQHandler         0x600024fb   Thumb Code     0  startup_mimxrt1052.o(.text)
    ENET_DriverIRQHandler                    0x600024fb   Thumb Code     0  startup_mimxrt1052.o(.text)
    EWM_IRQHandler                           0x600024fb   Thumb Code     0  startup_mimxrt1052.o(.text)
    FLEXIO1_DriverIRQHandler                 0x600024fb   Thumb Code     0  startup_mimxrt1052.o(.text)
    FLEXIO2_DriverIRQHandler                 0x600024fb   Thumb Code     0  startup_mimxrt1052.o(.text)
    FLEXRAM_IRQHandler                       0x600024fb   Thumb Code     0  startup_mimxrt1052.o(.text)
    FLEXSPI_DriverIRQHandler                 0x600024fb   Thumb Code     0  startup_mimxrt1052.o(.text)
    GPC_IRQHandler                           0x600024fb   Thumb Code     0  startup_mimxrt1052.o(.text)
    GPIO1_Combined_0_15_IRQHandler           0x600024fb   Thumb Code     0  startup_mimxrt1052.o(.text)
    GPIO1_Combined_16_31_IRQHandler          0x600024fb   Thumb Code     0  startup_mimxrt1052.o(.text)
    GPIO1_INT0_IRQHandler                    0x600024fb   Thumb Code     0  startup_mimxrt1052.o(.text)
    GPIO1_INT1_IRQHandler                    0x600024fb   Thumb Code     0  startup_mimxrt1052.o(.text)
    GPIO1_INT2_IRQHandler                    0x600024fb   Thumb Code     0  startup_mimxrt1052.o(.text)
    GPIO1_INT3_IRQHandler                    0x600024fb   Thumb Code     0  startup_mimxrt1052.o(.text)
    GPIO1_INT4_IRQHandler                    0x600024fb   Thumb Code     0  startup_mimxrt1052.o(.text)
    GPIO1_INT5_IRQHandler                    0x600024fb   Thumb Code     0  startup_mimxrt1052.o(.text)
    GPIO1_INT6_IRQHandler                    0x600024fb   Thumb Code     0  startup_mimxrt1052.o(.text)
    GPIO1_INT7_IRQHandler                    0x600024fb   Thumb Code     0  startup_mimxrt1052.o(.text)
    GPIO2_Combined_0_15_IRQHandler           0x600024fb   Thumb Code     0  startup_mimxrt1052.o(.text)
    GPIO2_Combined_16_31_IRQHandler          0x600024fb   Thumb Code     0  startup_mimxrt1052.o(.text)
    GPIO3_Combined_0_15_IRQHandler           0x600024fb   Thumb Code     0  startup_mimxrt1052.o(.text)
    GPIO3_Combined_16_31_IRQHandler          0x600024fb   Thumb Code     0  startup_mimxrt1052.o(.text)
    GPIO4_Combined_0_15_IRQHandler           0x600024fb   Thumb Code     0  startup_mimxrt1052.o(.text)
    GPIO4_Combined_16_31_IRQHandler          0x600024fb   Thumb Code     0  startup_mimxrt1052.o(.text)
    GPIO5_Combined_0_15_IRQHandler           0x600024fb   Thumb Code     0  startup_mimxrt1052.o(.text)
    GPIO5_Combined_16_31_IRQHandler          0x600024fb   Thumb Code     0  startup_mimxrt1052.o(.text)
    GPR_IRQ_IRQHandler                       0x600024fb   Thumb Code     0  startup_mimxrt1052.o(.text)
    GPT1_IRQHandler                          0x600024fb   Thumb Code     0  startup_mimxrt1052.o(.text)
    GPT2_IRQHandler                          0x600024fb   Thumb Code     0  startup_mimxrt1052.o(.text)
    KPP_IRQHandler                           0x600024fb   Thumb Code     0  startup_mimxrt1052.o(.text)
    LCDIF_IRQHandler                         0x600024fb   Thumb Code     0  startup_mimxrt1052.o(.text)
    LPI2C1_DriverIRQHandler                  0x600024fb   Thumb Code     0  startup_mimxrt1052.o(.text)
    LPI2C2_DriverIRQHandler                  0x600024fb   Thumb Code     0  startup_mimxrt1052.o(.text)
    LPI2C3_DriverIRQHandler                  0x600024fb   Thumb Code     0  startup_mimxrt1052.o(.text)
    LPI2C4_DriverIRQHandler                  0x600024fb   Thumb Code     0  startup_mimxrt1052.o(.text)
    LPSPI1_DriverIRQHandler                  0x600024fb   Thumb Code     0  startup_mimxrt1052.o(.text)
    LPSPI2_DriverIRQHandler                  0x600024fb   Thumb Code     0  startup_mimxrt1052.o(.text)
    LPSPI3_DriverIRQHandler                  0x600024fb   Thumb Code     0  startup_mimxrt1052.o(.text)
    LPSPI4_DriverIRQHandler                  0x600024fb   Thumb Code     0  startup_mimxrt1052.o(.text)
    NMI_WAKEUP_IRQHandler                    0x600024fb   Thumb Code     0  startup_mimxrt1052.o(.text)
    PIT_IRQHandler                           0x600024fb   Thumb Code     0  startup_mimxrt1052.o(.text)
    PWM1_0_IRQHandler                        0x600024fb   Thumb Code     0  startup_mimxrt1052.o(.text)
    PWM1_1_IRQHandler                        0x600024fb   Thumb Code     0  startup_mimxrt1052.o(.text)
    PWM1_2_IRQHandler                        0x600024fb   Thumb Code     0  startup_mimxrt1052.o(.text)
    PWM1_3_IRQHandler                        0x600024fb   Thumb Code     0  startup_mimxrt1052.o(.text)
    PWM1_FAULT_IRQHandler                    0x600024fb   Thumb Code     0  startup_mimxrt1052.o(.text)
    PWM2_0_IRQHandler                        0x600024fb   Thumb Code     0  startup_mimxrt1052.o(.text)
    PWM2_1_IRQHandler                        0x600024fb   Thumb Code     0  startup_mimxrt1052.o(.text)
    PWM2_2_IRQHandler                        0x600024fb   Thumb Code     0  startup_mimxrt1052.o(.text)
    PWM2_3_IRQHandler                        0x600024fb   Thumb Code     0  startup_mimxrt1052.o(.text)
    PWM2_FAULT_IRQHandler                    0x600024fb   Thumb Code     0  startup_mimxrt1052.o(.text)
    PWM3_0_IRQHandler                        0x600024fb   Thumb Code     0  startup_mimxrt1052.o(.text)
    PWM3_1_IRQHandler                        0x600024fb   Thumb Code     0  startup_mimxrt1052.o(.text)
    PWM3_2_IRQHandler                        0x600024fb   Thumb Code     0  startup_mimxrt1052.o(.text)
    PWM3_3_IRQHandler                        0x600024fb   Thumb Code     0  startup_mimxrt1052.o(.text)
    PWM3_FAULT_IRQHandler                    0x600024fb   Thumb Code     0  startup_mimxrt1052.o(.text)
    PWM4_0_IRQHandler                        0x600024fb   Thumb Code     0  startup_mimxrt1052.o(.text)
    PWM4_1_IRQHandler                        0x600024fb   Thumb Code     0  startup_mimxrt1052.o(.text)
    PWM4_2_IRQHandler                        0x600024fb   Thumb Code     0  startup_mimxrt1052.o(.text)
    PWM4_3_IRQHandler                        0x600024fb   Thumb Code     0  startup_mimxrt1052.o(.text)
    PWM4_FAULT_IRQHandler                    0x600024fb   Thumb Code     0  startup_mimxrt1052.o(.text)
    PXP_IRQHandler                           0x600024fb   Thumb Code     0  startup_mimxrt1052.o(.text)
    RTWDOG_IRQHandler                        0x600024fb   Thumb Code     0  startup_mimxrt1052.o(.text)
    Reserved115_IRQHandler                   0x600024fb   Thumb Code     0  startup_mimxrt1052.o(.text)
    Reserved123_IRQHandler                   0x600024fb   Thumb Code     0  startup_mimxrt1052.o(.text)
    Reserved143_IRQHandler                   0x600024fb   Thumb Code     0  startup_mimxrt1052.o(.text)
    Reserved144_IRQHandler                   0x600024fb   Thumb Code     0  startup_mimxrt1052.o(.text)
    Reserved168_IRQHandler                   0x600024fb   Thumb Code     0  startup_mimxrt1052.o(.text)
    Reserved169_IRQHandler                   0x600024fb   Thumb Code     0  startup_mimxrt1052.o(.text)
    Reserved170_IRQHandler                   0x600024fb   Thumb Code     0  startup_mimxrt1052.o(.text)
    Reserved171_IRQHandler                   0x600024fb   Thumb Code     0  startup_mimxrt1052.o(.text)
    Reserved172_IRQHandler                   0x600024fb   Thumb Code     0  startup_mimxrt1052.o(.text)
    Reserved173_IRQHandler                   0x600024fb   Thumb Code     0  startup_mimxrt1052.o(.text)
    Reserved68_IRQHandler                    0x600024fb   Thumb Code     0  startup_mimxrt1052.o(.text)
    Reserved86_IRQHandler                    0x600024fb   Thumb Code     0  startup_mimxrt1052.o(.text)
    Reserved87_IRQHandler                    0x600024fb   Thumb Code     0  startup_mimxrt1052.o(.text)
    SAI1_DriverIRQHandler                    0x600024fb   Thumb Code     0  startup_mimxrt1052.o(.text)
    SAI2_DriverIRQHandler                    0x600024fb   Thumb Code     0  startup_mimxrt1052.o(.text)
    SAI3_RX_DriverIRQHandler                 0x600024fb   Thumb Code     0  startup_mimxrt1052.o(.text)
    SAI3_TX_DriverIRQHandler                 0x600024fb   Thumb Code     0  startup_mimxrt1052.o(.text)
    SEMC_IRQHandler                          0x600024fb   Thumb Code     0  startup_mimxrt1052.o(.text)
    SJC_ARM_DEBUG_IRQHandler                 0x600024fb   Thumb Code     0  startup_mimxrt1052.o(.text)
    SJC_IRQHandler                           0x600024fb   Thumb Code     0  startup_mimxrt1052.o(.text)
    SNVS_HP_WRAPPER_IRQHandler               0x600024fb   Thumb Code     0  startup_mimxrt1052.o(.text)
    SNVS_HP_WRAPPER_TZ_IRQHandler            0x600024fb   Thumb Code     0  startup_mimxrt1052.o(.text)
    SNVS_LP_WRAPPER_IRQHandler               0x600024fb   Thumb Code     0  startup_mimxrt1052.o(.text)
    SPDIF_DriverIRQHandler                   0x600024fb   Thumb Code     0  startup_mimxrt1052.o(.text)
    SRC_IRQHandler                           0x600024fb   Thumb Code     0  startup_mimxrt1052.o(.text)
    TMR1_IRQHandler                          0x600024fb   Thumb Code     0  startup_mimxrt1052.o(.text)
    TMR2_IRQHandler                          0x600024fb   Thumb Code     0  startup_mimxrt1052.o(.text)
    TMR3_IRQHandler                          0x600024fb   Thumb Code     0  startup_mimxrt1052.o(.text)
    TMR4_IRQHandler                          0x600024fb   Thumb Code     0  startup_mimxrt1052.o(.text)
    TRNG_IRQHandler                          0x600024fb   Thumb Code     0  startup_mimxrt1052.o(.text)
    TSC_DIG_IRQHandler                       0x600024fb   Thumb Code     0  startup_mimxrt1052.o(.text)
    USB_PHY1_IRQHandler                      0x600024fb   Thumb Code     0  startup_mimxrt1052.o(.text)
    USB_PHY2_IRQHandler                      0x600024fb   Thumb Code     0  startup_mimxrt1052.o(.text)
    USDHC1_DriverIRQHandler                  0x600024fb   Thumb Code     0  startup_mimxrt1052.o(.text)
    USDHC2_DriverIRQHandler                  0x600024fb   Thumb Code     0  startup_mimxrt1052.o(.text)
    WDOG1_IRQHandler                         0x600024fb   Thumb Code     0  startup_mimxrt1052.o(.text)
    WDOG2_IRQHandler                         0x600024fb   Thumb Code     0  startup_mimxrt1052.o(.text)
    XBAR1_IRQ_0_1_IRQHandler                 0x600024fb   Thumb Code     0  startup_mimxrt1052.o(.text)
    XBAR1_IRQ_2_3_IRQHandler                 0x600024fb   Thumb Code     0  startup_mimxrt1052.o(.text)
    __aeabi_uldivmod                         0x600025d1   Thumb Code    98  uldiv.o(.text)
    __aeabi_memset                           0x60002633   Thumb Code    14  memseta.o(.text)
    __aeabi_memset4                          0x60002633   Thumb Code     0  memseta.o(.text)
    __aeabi_memset8                          0x60002633   Thumb Code     0  memseta.o(.text)
    __aeabi_memclr                           0x60002641   Thumb Code     4  memseta.o(.text)
    __aeabi_memclr4                          0x60002641   Thumb Code     0  memseta.o(.text)
    __aeabi_memclr8                          0x60002641   Thumb Code     0  memseta.o(.text)
    _memset$wrapper                          0x60002645   Thumb Code    18  memseta.o(.text)
    strlen                                   0x60002657   Thumb Code    14  strlen.o(.text)
    __aeabi_llsl                             0x60002665   Thumb Code    30  llshl.o(.text)
    _ll_shift_l                              0x60002665   Thumb Code     0  llshl.o(.text)
    __aeabi_llsr                             0x60002683   Thumb Code    32  llushr.o(.text)
    _ll_ushift_r                             0x60002683   Thumb Code     0  llushr.o(.text)
    __scatterload                            0x600026a5   Thumb Code    28  init.o(.text)
    __scatterload_rt2                        0x600026a5   Thumb Code     0  init.o(.text)
    __decompress                             0x600026c9   Thumb Code     0  __dczerorl2.o(.text)
    __decompress1                            0x600026c9   Thumb Code    86  __dczerorl2.o(.text)
    BOARD_BootClockRUN                       0x60002721   Thumb Code   580  clock_config.o(i.BOARD_BootClockRUN)
    BOARD_ConfigMPU                          0x600029f9   Thumb Code   392  board.o(i.BOARD_ConfigMPU)
    BOARD_DebugConsoleSrcFreq                0x60002bad   Thumb Code    62  board.o(i.BOARD_DebugConsoleSrcFreq)
    BOARD_InitDebugConsole                   0x60002c05   Thumb Code    24  board.o(i.BOARD_InitDebugConsole)
    BOARD_InitPins                           0x60002c21   Thumb Code    62  pin_mux.o(i.BOARD_InitPins)
    CLOCK_EnableUsbhs0Clock                  0x60002c99   Thumb Code    70  fsl_clock.o(i.CLOCK_EnableUsbhs0Clock)
    CLOCK_EnableUsbhs0PhyPllClock            0x60002cf1   Thumb Code    44  fsl_clock.o(i.CLOCK_EnableUsbhs0PhyPllClock)
    CLOCK_GetPllFreq                         0x60002d5d   Thumb Code   372  fsl_clock.o(i.CLOCK_GetPllFreq)
    CLOCK_InitArmPll                         0x60002ee5   Thumb Code    22  fsl_clock.o(i.CLOCK_InitArmPll)
    CLOCK_InitSysPll                         0x60002f01   Thumb Code    22  fsl_clock.o(i.CLOCK_InitSysPll)
    CLOCK_InitUsb1Pll                        0x60002f1d   Thumb Code    24  fsl_clock.o(i.CLOCK_InitUsb1Pll)
    DbgConsole_Init                          0x60003041   Thumb Code    22  fsl_debug_console.o(i.DbgConsole_Init)
    DbgConsole_Printf                        0x60003059   Thumb Code    40  fsl_debug_console.o(i.DbgConsole_Printf)
    HID_Send64Byte                           0x600030bd   Thumb Code    14  hid_generic.o(i.HID_Send64Byte)
    IO_Init                                  0x600030ed   Thumb Code    68  fsl_io.o(i.IO_Init)
    IO_Transfer                              0x60003135   Thumb Code    46  fsl_io.o(i.IO_Transfer)
    LOG_Init                                 0x60003169   Thumb Code    28  fsl_log.o(i.LOG_Init)
    LOG_Pop                                  0x60003185   Thumb Code    22  fsl_log.o(i.LOG_Pop)
    LOG_Push                                 0x6000319b   Thumb Code    16  fsl_log.o(i.LOG_Push)
    LPUART1_DriverIRQHandler                 0x600031ad   Thumb Code    12  fsl_lpuart.o(i.LPUART1_DriverIRQHandler)
    LPUART2_DriverIRQHandler                 0x600031c5   Thumb Code    12  fsl_lpuart.o(i.LPUART2_DriverIRQHandler)
    LPUART3_DriverIRQHandler                 0x600031dd   Thumb Code    12  fsl_lpuart.o(i.LPUART3_DriverIRQHandler)
    LPUART4_DriverIRQHandler                 0x600031f5   Thumb Code    12  fsl_lpuart.o(i.LPUART4_DriverIRQHandler)
    LPUART5_DriverIRQHandler                 0x6000320d   Thumb Code    12  fsl_lpuart.o(i.LPUART5_DriverIRQHandler)
    LPUART6_DriverIRQHandler                 0x60003225   Thumb Code    12  fsl_lpuart.o(i.LPUART6_DriverIRQHandler)
    LPUART7_DriverIRQHandler                 0x6000323d   Thumb Code    12  fsl_lpuart.o(i.LPUART7_DriverIRQHandler)
    LPUART8_DriverIRQHandler                 0x60003255   Thumb Code    12  fsl_lpuart.o(i.LPUART8_DriverIRQHandler)
    LPUART_ClearStatusFlags                  0x6000326d   Thumb Code    74  fsl_lpuart.o(i.LPUART_ClearStatusFlags)
    LPUART_GetDefaultConfig                  0x600032bd   Thumb Code    46  fsl_lpuart.o(i.LPUART_GetDefaultConfig)
    LPUART_GetInstance                       0x600032ed   Thumb Code    34  fsl_lpuart.o(i.LPUART_GetInstance)
    LPUART_GetStatusFlags                    0x60003315   Thumb Code    14  fsl_lpuart.o(i.LPUART_GetStatusFlags)
    LPUART_Init                              0x60003325   Thumb Code   424  fsl_lpuart.o(i.LPUART_Init)
    LPUART_ReadBlocking                      0x600034d9   Thumb Code   152  fsl_lpuart.o(i.LPUART_ReadBlocking)
    LPUART_WriteBlocking                     0x60003571   Thumb Code    26  fsl_lpuart.o(i.LPUART_WriteBlocking)
    StrFormatPrintf                          0x6000358d   Thumb Code   386  fsl_str.o(i.StrFormatPrintf)
    SystemInit                               0x60003711   Thumb Code   222  system_mimxrt1052.o(i.SystemInit)
    SystemInitHook                           0x60003809   Thumb Code     2  system_mimxrt1052.o(i.SystemInitHook)
    USB_DeviceClassCallback                  0x60003db1   Thumb Code    56  usb_device_class.o(i.USB_DeviceClassCallback)
    USB_DeviceClassEvent                     0x60003de9   Thumb Code   120  usb_device_class.o(i.USB_DeviceClassEvent)
    USB_DeviceClassGetDeviceHandle           0x60003e9d   Thumb Code    46  usb_device_class.o(i.USB_DeviceClassGetDeviceHandle)
    USB_DeviceClassGetSpeed                  0x60003f35   Thumb Code    28  usb_device_class.o(i.USB_DeviceClassGetSpeed)
    USB_DeviceClassInit                      0x60003f51   Thumb Code   166  usb_device_class.o(i.USB_DeviceClassInit)
    USB_DeviceClockInit                      0x60004001   Thumb Code    38  hid_generic.o(i.USB_DeviceClockInit)
    USB_DeviceControlCallback                0x60004049   Thumb Code   406  usb_device_ch9.o(i.USB_DeviceControlCallback)
    USB_DeviceControlPipeInit                0x60004249   Thumb Code    86  usb_device_ch9.o(i.USB_DeviceControlPipeInit)
    USB_DeviceDeinit                         0x600042a5   Thumb Code    34  usb_device_dci.o(i.USB_DeviceDeinit)
    USB_DeviceDeinitEndpoint                 0x600042c7   Thumb Code    60  usb_device_dci.o(i.USB_DeviceDeinitEndpoint)
    USB_DeviceEhciCancel                     0x60004303   Thumb Code   270  usb_device_ehci.o(i.USB_DeviceEhciCancel)
    USB_DeviceEhciControl                    0x600044d9   Thumb Code   340  usb_device_ehci.o(i.USB_DeviceEhciControl)
    USB_DeviceEhciDeinit                     0x6000462d   Thumb Code    46  usb_device_ehci.o(i.USB_DeviceEhciDeinit)
    USB_DeviceEhciInit                       0x60004901   Thumb Code   102  usb_device_ehci.o(i.USB_DeviceEhciInit)
    USB_DeviceEhciIsrFunction                0x60004b7d   Thumb Code   188  usb_device_ehci.o(i.USB_DeviceEhciIsrFunction)
    USB_DeviceEhciRecv                       0x60004c39   Thumb Code     8  usb_device_ehci.o(i.USB_DeviceEhciRecv)
    USB_DeviceEhciSend                       0x60004c41   Thumb Code    12  usb_device_ehci.o(i.USB_DeviceEhciSend)
    USB_DeviceGetConfigurationDescriptor     0x60004ed1   Thumb Code    20  usb_device_descriptor.o(i.USB_DeviceGetConfigurationDescriptor)
    USB_DeviceGetDeviceDescriptor            0x60004ee9   Thumb Code    12  usb_device_descriptor.o(i.USB_DeviceGetDeviceDescriptor)
    USB_DeviceGetHidDescriptor               0x60004ef9   Thumb Code     4  usb_device_descriptor.o(i.USB_DeviceGetHidDescriptor)
    USB_DeviceGetHidPhysicalDescriptor       0x60004efd   Thumb Code     4  usb_device_descriptor.o(i.USB_DeviceGetHidPhysicalDescriptor)
    USB_DeviceGetHidReportDescriptor         0x60004f01   Thumb Code    20  usb_device_descriptor.o(i.USB_DeviceGetHidReportDescriptor)
    USB_DeviceGetStatus                      0x60004f19   Thumb Code    76  usb_device_dci.o(i.USB_DeviceGetStatus)
    USB_DeviceGetStringDescriptor            0x60004f65   Thumb Code    88  usb_device_descriptor.o(i.USB_DeviceGetStringDescriptor)
    USB_DeviceHidDeinit                      0x60004fc1   Thumb Code    30  usb_device_hid.o(i.USB_DeviceHidDeinit)
    USB_DeviceHidEvent                       0x60005119   Thumb Code   616  usb_device_hid.o(i.USB_DeviceHidEvent)
    USB_DeviceHidInit                        0x600053d5   Thumb Code    54  usb_device_hid.o(i.USB_DeviceHidInit)
    USB_DeviceHidRecv                        0x60005461   Thumb Code    56  usb_device_hid.o(i.USB_DeviceHidRecv)
    USB_DeviceHidSend                        0x60005499   Thumb Code    56  usb_device_hid.o(i.USB_DeviceHidSend)
    USB_DeviceInit                           0x600054d1   Thumb Code   168  usb_device_dci.o(i.USB_DeviceInit)
    USB_DeviceInitEndpoint                   0x6000557d   Thumb Code    64  usb_device_dci.o(i.USB_DeviceInitEndpoint)
    USB_DeviceIsrEnable                      0x600055bd   Thumb Code    68  hid_generic.o(i.USB_DeviceIsrEnable)
    USB_DeviceNotificationTrigger            0x60005697   Thumb Code    20  usb_device_dci.o(i.USB_DeviceNotificationTrigger)
    USB_DeviceRecvRequest                    0x600056ab   Thumb Code     8  usb_device_dci.o(i.USB_DeviceRecvRequest)
    USB_DeviceRun                            0x600056b3   Thumb Code     8  usb_device_dci.o(i.USB_DeviceRun)
    USB_DeviceSendRequest                    0x600056bb   Thumb Code    12  usb_device_dci.o(i.USB_DeviceSendRequest)
    USB_DeviceSetSpeed                       0x600056c9   Thumb Code   122  usb_device_descriptor.o(i.USB_DeviceSetSpeed)
    USB_DeviceSetStatus                      0x60005749   Thumb Code   102  usb_device_dci.o(i.USB_DeviceSetStatus)
    USB_DeviceStallEndpoint                  0x600057af   Thumb Code    28  usb_device_dci.o(i.USB_DeviceStallEndpoint)
    USB_DeviceUnstallEndpoint                0x60005841   Thumb Code    28  usb_device_dci.o(i.USB_DeviceUnstallEndpoint)
    USB_EhciPhyGetBase                       0x6000585d   Thumb Code    74  usb_phy.o(i.USB_EhciPhyGetBase)
    USB_EhciPhyInit                          0x600058ad   Thumb Code    96  usb_phy.o(i.USB_EhciPhyInit)
    USB_OTG1_IRQHandler                      0x60005915   Thumb Code     8  hid_generic.o(i.USB_OTG1_IRQHandler)
    USB_OTG2_IRQHandler                      0x60005921   Thumb Code     8  hid_generic.o(i.USB_OTG2_IRQHandler)
    USB_OsaEnterCritical                     0x6000592d   Thumb Code    12  usb_osa_bm.o(i.USB_OsaEnterCritical)
    USB_OsaExitCritical                      0x60005939   Thumb Code     6  usb_osa_bm.o(i.USB_OsaExitCritical)
    __scatterload_copy                       0x6000593f   Thumb Code    14  handlers.o(i.__scatterload_copy)
    __scatterload_null                       0x6000594d   Thumb Code     2  handlers.o(i.__scatterload_null)
    __scatterload_zeroinit                   0x6000594f   Thumb Code    14  handlers.o(i.__scatterload_zeroinit)
    delay                                    0x6000595d   Thumb Code    18  hid_generic.o(i.delay)
    main                                     0x60005971   Thumb Code    48  hid_generic.o(i.main)
    armPllConfig_BOARD_BootClockRUN          0x600059c0   Data           4  clock_config.o(.constdata)
    sysPllConfig_BOARD_BootClockRUN          0x600059c4   Data          12  clock_config.o(.constdata)
    Region$$Table$$Base                      0x60005ab4   Number         0  anon$$obj.o(Region$$Table)
    Region$$Table$$Limit                     0x60005ad4   Number         0  anon$$obj.o(Region$$Table)



==============================================================================

Memory Map of the image

  Image Entry point : 0x60002401

  Load Region LR_m_rom_config (Base: 0x60000000, Size: 0x00000200, Max: 0x00001000, ABSOLUTE)

    Execution Region RW_m_config_text (Exec base: 0x60000000, Load base: 0x60000000, Size: 0x00000200, Max: 0x00001000, ABSOLUTE)

    Exec Addr    Load Addr    Size         Type   Attr      Idx    E Section Name        Object

    0x60000000   0x60000000   0x00000200   Data   RO         2215    .boot_hdr.conf      evkbimxrt1050_flexspi_nor_config.o



  Load Region LR_m_rom_ivt (Base: 0x60001000, Size: 0x00000460, Max: 0x00001000, ABSOLUTE)

    Execution Region RW_m_ivt_text (Exec base: 0x60001000, Load base: 0x60001000, Size: 0x00000460, Max: 0x00001000, ABSOLUTE)

    Exec Addr    Load Addr    Size         Type   Attr      Idx    E Section Name        Object

    0x60001000   0x60001000   0x00000020   Data   RO         2180    .boot_hdr.ivt       fsl_flexspi_nor_boot.o
    0x60001020   0x60001020   0x00000010   Data   RO         2179    .boot_hdr.boot_data  fsl_flexspi_nor_boot.o
    0x60001030   0x60001030   0x00000430   Data   RO         2236    .boot_hdr.dcd_data  evkbimxrt1050_sdram_ini_dcd.o



  Load Region LR_m_text (Base: 0x60002000, Size: 0x00003c64, Max: 0x63fffc00, ABSOLUTE, COMPRESSED[0x00003bf8])

    Execution Region RW_m_data (Exec base: 0x20000000, Load base: 0x60005ad4, Size: 0x00000d30, Max: 0x0001c000, ABSOLUTE, COMPRESSED[0x00000124])

    Exec Addr    Load Addr    Size         Type   Attr      Idx    E Section Name        Object

    0x20000000   COMPRESSED   0x0000000c   Data   RW           18    .data               hid_generic.o
    0x2000000c   COMPRESSED   0x0000004c   Data   RW           19    .data               hid_generic.o
    0x20000058   COMPRESSED   0x0000007c   Data   RW          205    .data               usb_device_descriptor.o
    0x200000d4   COMPRESSED   0x00000010   Data   RW          206    .data               usb_device_descriptor.o
    0x200000e4   COMPRESSED   0x0000000c   Data   RW          207    .data               usb_device_descriptor.o
    0x200000f0   COMPRESSED   0x00000008   Data   RW          208    .data               usb_device_descriptor.o
    0x200000f8   COMPRESSED   0x00000008   Data   RW          209    .data               usb_device_descriptor.o
    0x20000100   COMPRESSED   0x00000004   Data   RW          210    .data               usb_device_descriptor.o
    0x20000104   COMPRESSED   0x00000026   Data   RW          211    .data               usb_device_descriptor.o
    0x2000012a   COMPRESSED   0x00000002   PAD
    0x2000012c   COMPRESSED   0x00000026   Data   RW          212    .data               usb_device_descriptor.o
    0x20000152   COMPRESSED   0x00000002   PAD
    0x20000154   COMPRESSED   0x0000000c   Data   RW          213    .data               usb_device_descriptor.o
    0x20000160   COMPRESSED   0x0000000c   Data   RW          214    .data               usb_device_descriptor.o
    0x2000016c   COMPRESSED   0x0000000c   Data   RW          215    .data               usb_device_descriptor.o
    0x20000178   COMPRESSED   0x00000004   Data   RW          974    .data               fsl_clock.o
    0x2000017c   COMPRESSED   0x00000004   Data   RW          975    .data               fsl_clock.o
    0x20000180   COMPRESSED   0x00000004   Data   RW         1206    .data               fsl_lpuart.o
    0x20000184   COMPRESSED   0x00000004   Data   RW         1836    .data               system_mimxrt1052.o
    0x20000188   COMPRESSED   0x00000008   Data   RW         1888    .data               fsl_io.o
    0x20000190        -       0x00000098   Zero   RW           16    .bss                hid_generic.o
    0x20000228   COMPRESSED   0x000005d8   PAD
    0x20000800        -       0x0000045c   Zero   RW          509    .bss                usb_device_ehci.o
    0x20000c5c        -       0x00000024   Zero   RW         1204    .bss                fsl_lpuart.o
    0x20000c80        -       0x00000070   Zero   RW         1473    .bss.m_usb_global   usb_device_dci.o
    0x20000cf0        -       0x00000018   Zero   RW         1693    .bss.m_usb_global   usb_device_class.o
    0x20000d08        -       0x00000028   Zero   RW         1772    .bss.m_usb_global   usb_device_hid.o


    Execution Region ARM_LIB_HEAP (Exec base: 0x20000d30, Load base: 0x60005bf8, Size: 0x00002000, Max: 0x00002000, ABSOLUTE)

    Exec Addr    Load Addr    Size         Type   Attr      Idx    E Section Name        Object

    0x20000d30        -       0x00002000   Zero   RW            1    ARM_LIB_HEAP.bss    anon$$obj.o


    Execution Region ARM_LIB_STACK (Exec base: 0x2001e000, Load base: 0x60005bf8, Size: 0x00002000, Max: 0x00002000, ABSOLUTE)

    Exec Addr    Load Addr    Size         Type   Attr      Idx    E Section Name        Object

    0x2001e000        -       0x00002000   Zero   RW            2    ARM_LIB_STACK.bss   anon$$obj.o


    Execution Region VECTOR_ROM (Exec base: 0x60002000, Load base: 0x60002000, Size: 0x00000400, Max: 0x00000400, ABSOLUTE)

    Exec Addr    Load Addr    Size         Type   Attr      Idx    E Section Name        Object

    0x60002000   0x60002000   0x00000400   Data   RO         1876    RESET               startup_mimxrt1052.o


    Execution Region ER_m_text (Exec base: 0x60002400, Load base: 0x60002400, Size: 0x000036d4, Max: 0x03ffdc00, ABSOLUTE)

    Exec Addr    Load Addr    Size         Type   Attr      Idx    E Section Name        Object

    0x60002400   0x60002400   0x00000000   Code   RO         2248  * .ARM.Collect$$$$00000000  mc_w.l(entry.o)
    0x60002400   0x60002400   0x00000004   Code   RO         2287    .ARM.Collect$$$$00000003  mc_w.l(entry4.o)
    0x60002404   0x60002404   0x00000004   Code   RO         2290    .ARM.Collect$$$$00000004  mc_w.l(entry5.o)
    0x60002408   0x60002408   0x00000000   Code   RO         2292    .ARM.Collect$$$$00000008  mc_w.l(entry7b.o)
    0x60002408   0x60002408   0x00000000   Code   RO         2294    .ARM.Collect$$$$0000000A  mc_w.l(entry8b.o)
    0x60002408   0x60002408   0x00000008   Code   RO         2295    .ARM.Collect$$$$0000000B  mc_w.l(entry9a.o)
    0x60002410   0x60002410   0x00000000   Code   RO         2297    .ARM.Collect$$$$0000000D  mc_w.l(entry10a.o)
    0x60002410   0x60002410   0x00000000   Code   RO         2299    .ARM.Collect$$$$0000000F  mc_w.l(entry11a.o)
    0x60002410   0x60002410   0x00000004   Code   RO         2288    .ARM.Collect$$$$00002714  mc_w.l(entry4.o)
    0x60002414   0x60002414   0x000001bc   Code   RO         1877    .text               startup_mimxrt1052.o
    0x600025d0   0x600025d0   0x00000062   Code   RO         2251    .text               mc_w.l(uldiv.o)
    0x60002632   0x60002632   0x00000024   Code   RO         2255    .text               mc_w.l(memseta.o)
    0x60002656   0x60002656   0x0000000e   Code   RO         2257    .text               mc_w.l(strlen.o)
    0x60002664   0x60002664   0x0000001e   Code   RO         2301    .text               mc_w.l(llshl.o)
    0x60002682   0x60002682   0x00000020   Code   RO         2303    .text               mc_w.l(llushr.o)
    0x600026a2   0x600026a2   0x00000002   PAD
    0x600026a4   0x600026a4   0x00000024   Code   RO         2311    .text               mc_w.l(init.o)
    0x600026c8   0x600026c8   0x00000056   Code   RO         2321    .text               mc_w.l(__dczerorl2.o)
    0x6000271e   0x6000271e   0x00000002   PAD
    0x60002720   0x60002720   0x000002d8   Code   RO          374    i.BOARD_BootClockRUN  clock_config.o
    0x600029f8   0x600029f8   0x000001b4   Code   RO          278    i.BOARD_ConfigMPU   board.o
    0x60002bac   0x60002bac   0x00000058   Code   RO          279    i.BOARD_DebugConsoleSrcFreq  board.o
    0x60002c04   0x60002c04   0x0000001c   Code   RO          280    i.BOARD_InitDebugConsole  board.o
    0x60002c20   0x60002c20   0x0000004c   Code   RO          443    i.BOARD_InitPins    pin_mux.o
    0x60002c6c   0x60002c6c   0x0000002c   Code   RO         1169    i.CLOCK_ControlGate  fsl_lpuart.o
    0x60002c98   0x60002c98   0x00000058   Code   RO          951    i.CLOCK_EnableUsbhs0Clock  fsl_clock.o
    0x60002cf0   0x60002cf0   0x00000030   Code   RO          952    i.CLOCK_EnableUsbhs0PhyPllClock  fsl_clock.o
    0x60002d20   0x60002d20   0x0000001c   Code   RO          281    i.CLOCK_GetDiv      board.o
    0x60002d3c   0x60002d3c   0x00000020   Code   RO          956    i.CLOCK_GetOscFreq  fsl_clock.o
    0x60002d5c   0x60002d5c   0x00000188   Code   RO          958    i.CLOCK_GetPllFreq  fsl_clock.o
    0x60002ee4   0x60002ee4   0x0000001c   Code   RO          961    i.CLOCK_InitArmPll  fsl_clock.o
    0x60002f00   0x60002f00   0x0000001c   Code   RO          967    i.CLOCK_InitSysPll  fsl_clock.o
    0x60002f1c   0x60002f1c   0x0000001c   Code   RO          969    i.CLOCK_InitUsb1Pll  fsl_clock.o
    0x60002f38   0x60002f38   0x0000004c   Code   RO          376    i.CLOCK_SetDiv      clock_config.o
    0x60002f84   0x60002f84   0x0000004c   Code   RO          377    i.CLOCK_SetMux      clock_config.o
    0x60002fd0   0x60002fd0   0x00000070   Code   RO         2008    i.ConvertRadixNumToString  fsl_str.o
    0x60003040   0x60003040   0x00000016   Code   RO         2067    i.DbgConsole_Init   fsl_debug_console.o
    0x60003056   0x60003056   0x00000002   PAD
    0x60003058   0x60003058   0x0000002c   Code   RO         2068    i.DbgConsole_Printf  fsl_debug_console.o
    0x60003084   0x60003084   0x00000038   Code   RO         2070    i.DbgConsole_RelocateLog  fsl_debug_console.o
    0x600030bc   0x600030bc   0x00000014   Code   RO            6    i.HID_Send64Byte    hid_generic.o
    0x600030d0   0x600030d0   0x0000001c   Code   RO          444    i.IOMUXC_SetPinMux  pin_mux.o
    0x600030ec   0x600030ec   0x00000048   Code   RO         1885    i.IO_Init           fsl_io.o
    0x60003134   0x60003134   0x00000034   Code   RO         1886    i.IO_Transfer       fsl_io.o
    0x60003168   0x60003168   0x0000001c   Code   RO         1938    i.LOG_Init          fsl_log.o
    0x60003184   0x60003184   0x00000016   Code   RO         1939    i.LOG_Pop           fsl_log.o
    0x6000319a   0x6000319a   0x00000010   Code   RO         1940    i.LOG_Push          fsl_log.o
    0x600031aa   0x600031aa   0x00000002   PAD
    0x600031ac   0x600031ac   0x00000018   Code   RO         1170    i.LPUART1_DriverIRQHandler  fsl_lpuart.o
    0x600031c4   0x600031c4   0x00000018   Code   RO         1171    i.LPUART2_DriverIRQHandler  fsl_lpuart.o
    0x600031dc   0x600031dc   0x00000018   Code   RO         1172    i.LPUART3_DriverIRQHandler  fsl_lpuart.o
    0x600031f4   0x600031f4   0x00000018   Code   RO         1173    i.LPUART4_DriverIRQHandler  fsl_lpuart.o
    0x6000320c   0x6000320c   0x00000018   Code   RO         1174    i.LPUART5_DriverIRQHandler  fsl_lpuart.o
    0x60003224   0x60003224   0x00000018   Code   RO         1175    i.LPUART6_DriverIRQHandler  fsl_lpuart.o
    0x6000323c   0x6000323c   0x00000018   Code   RO         1176    i.LPUART7_DriverIRQHandler  fsl_lpuart.o
    0x60003254   0x60003254   0x00000018   Code   RO         1177    i.LPUART8_DriverIRQHandler  fsl_lpuart.o
    0x6000326c   0x6000326c   0x00000050   Code   RO         1178    i.LPUART_ClearStatusFlags  fsl_lpuart.o
    0x600032bc   0x600032bc   0x0000002e   Code   RO         1182    i.LPUART_GetDefaultConfig  fsl_lpuart.o
    0x600032ea   0x600032ea   0x00000002   PAD
    0x600032ec   0x600032ec   0x00000028   Code   RO         1184    i.LPUART_GetInstance  fsl_lpuart.o
    0x60003314   0x60003314   0x0000000e   Code   RO         1185    i.LPUART_GetStatusFlags  fsl_lpuart.o
    0x60003322   0x60003322   0x00000002   PAD
    0x60003324   0x60003324   0x000001b4   Code   RO         1186    i.LPUART_Init       fsl_lpuart.o
    0x600034d8   0x600034d8   0x00000098   Code   RO         1187    i.LPUART_ReadBlocking  fsl_lpuart.o
    0x60003570   0x60003570   0x0000001a   Code   RO         1203    i.LPUART_WriteBlocking  fsl_lpuart.o
    0x6000358a   0x6000358a   0x00000002   PAD
    0x6000358c   0x6000358c   0x00000182   Code   RO         2010    i.StrFormatPrintf   fsl_str.o
    0x6000370e   0x6000370e   0x00000002   PAD
    0x60003710   0x60003710   0x000000f8   Code   RO         1834    i.SystemInit        system_mimxrt1052.o
    0x60003808   0x60003808   0x00000002   Code   RO         1835    i.SystemInitHook    system_mimxrt1052.o
    0x6000380a   0x6000380a   0x00000002   PAD
    0x6000380c   0x6000380c   0x00000044   Code   RO         1453    i.USB_DeviceAllocateHandle  usb_device_dci.o
    0x60003850   0x60003850   0x00000098   Code   RO            7    i.USB_DeviceApplicationInit  hid_generic.o
    0x600038e8   0x600038e8   0x00000104   Code   RO            8    i.USB_DeviceCallback  hid_generic.o
    0x600039ec   0x600039ec   0x00000034   Code   RO         1592    i.USB_DeviceCh9GetConfiguration  usb_device_ch9.o
    0x60003a20   0x60003a20   0x000000ba   Code   RO         1593    i.USB_DeviceCh9GetDescriptor  usb_device_ch9.o
    0x60003ada   0x60003ada   0x00000044   Code   RO         1594    i.USB_DeviceCh9GetInterface  usb_device_ch9.o
    0x60003b1e   0x60003b1e   0x0000008a   Code   RO         1595    i.USB_DeviceCh9GetStatus  usb_device_ch9.o
    0x60003ba8   0x60003ba8   0x00000056   Code   RO         1596    i.USB_DeviceCh9SetAddress  usb_device_ch9.o
    0x60003bfe   0x60003bfe   0x00000092   Code   RO         1597    i.USB_DeviceCh9SetClearFeature  usb_device_ch9.o
    0x60003c90   0x60003c90   0x00000058   Code   RO         1598    i.USB_DeviceCh9SetConfiguration  usb_device_ch9.o
    0x60003ce8   0x60003ce8   0x0000003e   Code   RO         1599    i.USB_DeviceCh9SetInterface  usb_device_ch9.o
    0x60003d26   0x60003d26   0x00000040   Code   RO         1600    i.USB_DeviceCh9SynchFrame  usb_device_ch9.o
    0x60003d66   0x60003d66   0x00000002   PAD
    0x60003d68   0x60003d68   0x00000048   Code   RO         1683    i.USB_DeviceClassAllocateHandle  usb_device_class.o
    0x60003db0   0x60003db0   0x00000038   Code   RO         1684    i.USB_DeviceClassCallback  usb_device_class.o
    0x60003de8   0x60003de8   0x0000007c   Code   RO         1686    i.USB_DeviceClassEvent  usb_device_class.o
    0x60003e64   0x60003e64   0x00000038   Code   RO         1687    i.USB_DeviceClassFreeHandle  usb_device_class.o
    0x60003e9c   0x60003e9c   0x00000034   Code   RO         1688    i.USB_DeviceClassGetDeviceHandle  usb_device_class.o
    0x60003ed0   0x60003ed0   0x00000034   Code   RO         1689    i.USB_DeviceClassGetHandleByControllerId  usb_device_class.o
    0x60003f04   0x60003f04   0x00000030   Code   RO         1690    i.USB_DeviceClassGetHandleByDeviceHandle  usb_device_class.o
    0x60003f34   0x60003f34   0x0000001c   Code   RO         1691    i.USB_DeviceClassGetSpeed  usb_device_class.o
    0x60003f50   0x60003f50   0x000000b0   Code   RO         1692    i.USB_DeviceClassInit  usb_device_class.o
    0x60004000   0x60004000   0x00000034   Code   RO            9    i.USB_DeviceClockInit  hid_generic.o
    0x60004034   0x60004034   0x00000014   Code   RO         1455    i.USB_DeviceControl  usb_device_dci.o
    0x60004048   0x60004048   0x0000019c   Code   RO         1601    i.USB_DeviceControlCallback  usb_device_ch9.o
    0x600041e4   0x600041e4   0x00000064   Code   RO         1602    i.USB_DeviceControlCallbackFeedback  usb_device_ch9.o
    0x60004248   0x60004248   0x0000005c   Code   RO         1603    i.USB_DeviceControlPipeInit  usb_device_ch9.o
    0x600042a4   0x600042a4   0x00000022   Code   RO         1456    i.USB_DeviceDeinit  usb_device_dci.o
    0x600042c6   0x600042c6   0x0000003c   Code   RO         1457    i.USB_DeviceDeinitEndpoint  usb_device_dci.o
    0x60004302   0x60004302   0x0000010e   Code   RO          494    i.USB_DeviceEhciCancel  usb_device_ehci.o
    0x60004410   0x60004410   0x000000c8   Code   RO          495    i.USB_DeviceEhciCancelControlPipe  usb_device_ehci.o
    0x600044d8   0x600044d8   0x00000154   Code   RO          496    i.USB_DeviceEhciControl  usb_device_ehci.o
    0x6000462c   0x6000462c   0x0000002e   Code   RO          497    i.USB_DeviceEhciDeinit  usb_device_ehci.o
    0x6000465a   0x6000465a   0x0000008e   Code   RO          498    i.USB_DeviceEhciEndpointDeinit  usb_device_ehci.o
    0x600046e8   0x600046e8   0x00000124   Code   RO          499    i.USB_DeviceEhciEndpointInit  usb_device_ehci.o
    0x6000480c   0x6000480c   0x00000076   Code   RO          500    i.USB_DeviceEhciEndpointStall  usb_device_ehci.o
    0x60004882   0x60004882   0x00000002   PAD
    0x60004884   0x60004884   0x0000007a   Code   RO          501    i.USB_DeviceEhciFillSetupBuffer  usb_device_ehci.o
    0x600048fe   0x600048fe   0x00000002   PAD
    0x60004900   0x60004900   0x00000070   Code   RO          502    i.USB_DeviceEhciInit  usb_device_ehci.o
    0x60004970   0x60004970   0x0000020c   Code   RO          503    i.USB_DeviceEhciInterruptTokenDone  usb_device_ehci.o
    0x60004b7c   0x60004b7c   0x000000bc   Code   RO          504    i.USB_DeviceEhciIsrFunction  usb_device_ehci.o
    0x60004c38   0x60004c38   0x00000008   Code   RO          505    i.USB_DeviceEhciRecv  usb_device_ehci.o
    0x60004c40   0x60004c40   0x0000000c   Code   RO          506    i.USB_DeviceEhciSend  usb_device_ehci.o
    0x60004c4c   0x60004c4c   0x000000ae   Code   RO          507    i.USB_DeviceEhciSetDefaultState  usb_device_ehci.o
    0x60004cfa   0x60004cfa   0x00000002   PAD
    0x60004cfc   0x60004cfc   0x000001b8   Code   RO          508    i.USB_DeviceEhciTransfer  usb_device_ehci.o
    0x60004eb4   0x60004eb4   0x0000001c   Code   RO         1458    i.USB_DeviceFreeHandle  usb_device_dci.o
    0x60004ed0   0x60004ed0   0x00000018   Code   RO          198    i.USB_DeviceGetConfigurationDescriptor  usb_device_descriptor.o
    0x60004ee8   0x60004ee8   0x00000010   Code   RO          199    i.USB_DeviceGetDeviceDescriptor  usb_device_descriptor.o
    0x60004ef8   0x60004ef8   0x00000004   Code   RO          200    i.USB_DeviceGetHidDescriptor  usb_device_descriptor.o
    0x60004efc   0x60004efc   0x00000004   Code   RO          201    i.USB_DeviceGetHidPhysicalDescriptor  usb_device_descriptor.o
    0x60004f00   0x60004f00   0x00000018   Code   RO          202    i.USB_DeviceGetHidReportDescriptor  usb_device_descriptor.o
    0x60004f18   0x60004f18   0x0000004c   Code   RO         1459    i.USB_DeviceGetStatus  usb_device_dci.o
    0x60004f64   0x60004f64   0x0000005c   Code   RO          203    i.USB_DeviceGetStringDescriptor  usb_device_descriptor.o
    0x60004fc0   0x60004fc0   0x0000001e   Code   RO         1763    i.USB_DeviceHidDeinit  usb_device_hid.o
    0x60004fde   0x60004fde   0x0000002c   Code   RO         1764    i.USB_DeviceHidEndpointsDeinit  usb_device_hid.o
    0x6000500a   0x6000500a   0x00000002   PAD
    0x6000500c   0x6000500c   0x0000010c   Code   RO         1765    i.USB_DeviceHidEndpointsInit  usb_device_hid.o
    0x60005118   0x60005118   0x00000268   Code   RO         1766    i.USB_DeviceHidEvent  usb_device_hid.o
    0x60005380   0x60005380   0x00000054   Code   RO           10    i.USB_DeviceHidGenericCallback  hid_generic.o
    0x600053d4   0x600053d4   0x0000003c   Code   RO         1767    i.USB_DeviceHidInit  usb_device_hid.o
    0x60005410   0x60005410   0x00000028   Code   RO         1768    i.USB_DeviceHidInterruptIn  usb_device_hid.o
    0x60005438   0x60005438   0x00000028   Code   RO         1769    i.USB_DeviceHidInterruptOut  usb_device_hid.o
    0x60005460   0x60005460   0x00000038   Code   RO         1770    i.USB_DeviceHidRecv  usb_device_hid.o
    0x60005498   0x60005498   0x00000038   Code   RO         1771    i.USB_DeviceHidSend  usb_device_hid.o
    0x600054d0   0x600054d0   0x000000ac   Code   RO         1461    i.USB_DeviceInit    usb_device_dci.o
    0x6000557c   0x6000557c   0x00000040   Code   RO         1462    i.USB_DeviceInitEndpoint  usb_device_dci.o
    0x600055bc   0x600055bc   0x00000048   Code   RO           11    i.USB_DeviceIsrEnable  hid_generic.o
    0x60005604   0x60005604   0x00000092   Code   RO         1463    i.USB_DeviceNotification  usb_device_dci.o
    0x60005696   0x60005696   0x00000014   Code   RO         1464    i.USB_DeviceNotificationTrigger  usb_device_dci.o
    0x600056aa   0x600056aa   0x00000008   Code   RO         1465    i.USB_DeviceRecvRequest  usb_device_dci.o
    0x600056b2   0x600056b2   0x00000008   Code   RO         1466    i.USB_DeviceRun     usb_device_dci.o
    0x600056ba   0x600056ba   0x0000000c   Code   RO         1467    i.USB_DeviceSendRequest  usb_device_dci.o
    0x600056c6   0x600056c6   0x00000002   PAD
    0x600056c8   0x600056c8   0x00000080   Code   RO          204    i.USB_DeviceSetSpeed  usb_device_descriptor.o
    0x60005748   0x60005748   0x00000066   Code   RO         1468    i.USB_DeviceSetStatus  usb_device_dci.o
    0x600057ae   0x600057ae   0x0000001c   Code   RO         1469    i.USB_DeviceStallEndpoint  usb_device_dci.o
    0x600057ca   0x600057ca   0x00000076   Code   RO         1471    i.USB_DeviceTransfer  usb_device_dci.o
    0x60005840   0x60005840   0x0000001c   Code   RO         1472    i.USB_DeviceUnstallEndpoint  usb_device_dci.o
    0x6000585c   0x6000585c   0x00000050   Code   RO          803    i.USB_EhciPhyGetBase  usb_phy.o
    0x600058ac   0x600058ac   0x00000068   Code   RO          804    i.USB_EhciPhyInit   usb_phy.o
    0x60005914   0x60005914   0x0000000c   Code   RO           12    i.USB_OTG1_IRQHandler  hid_generic.o
    0x60005920   0x60005920   0x0000000c   Code   RO           13    i.USB_OTG2_IRQHandler  hid_generic.o
    0x6000592c   0x6000592c   0x0000000c   Code   RO          634    i.USB_OsaEnterCritical  usb_osa_bm.o
    0x60005938   0x60005938   0x00000006   Code   RO          641    i.USB_OsaExitCritical  usb_osa_bm.o
    0x6000593e   0x6000593e   0x0000000e   Code   RO         2315    i.__scatterload_copy  mc_w.l(handlers.o)
    0x6000594c   0x6000594c   0x00000002   Code   RO         2316    i.__scatterload_null  mc_w.l(handlers.o)
    0x6000594e   0x6000594e   0x0000000e   Code   RO         2317    i.__scatterload_zeroinit  mc_w.l(handlers.o)
    0x6000595c   0x6000595c   0x00000012   Code   RO           14    i.delay             hid_generic.o
    0x6000596e   0x6000596e   0x00000002   PAD
    0x60005970   0x60005970   0x0000004c   Code   RO           15    i.main              hid_generic.o
    0x600059bc   0x600059bc   0x00000003   Data   RO           17    .constdata          hid_generic.o
    0x600059bf   0x600059bf   0x00000001   PAD
    0x600059c0   0x600059c0   0x00000010   Data   RO          378    .constdata          clock_config.o
    0x600059d0   0x600059d0   0x00000008   Data   RO          510    .constdata          usb_device_ehci.o
    0x600059d8   0x600059d8   0x00000018   Data   RO          806    .constdata          usb_phy.o
    0x600059f0   0x600059f0   0x00000010   Data   RO          973    .constdata          fsl_clock.o
    0x60005a00   0x60005a00   0x00000048   Data   RO         1205    .constdata          fsl_lpuart.o
    0x60005a48   0x60005a48   0x00000018   Data   RO         1474    .constdata          usb_device_dci.o
    0x60005a60   0x60005a60   0x00000034   Data   RO         1604    .constdata          usb_device_ch9.o
    0x60005a94   0x60005a94   0x00000020   Data   RO         1694    .constdata          usb_device_class.o
    0x60005ab4   0x60005ab4   0x00000020   Data   RO         2313    Region$$Table       anon$$obj.o


==============================================================================

Image component sizes


      Code (inc. data)   RO Data    RW Data    ZI Data      Debug   Object Name

       580         78          0          0          0    1401885   board.o
       880        160         16          0          0    1367583   clock_config.o
         0          0        512          0          0       6351   evkbimxrt1050_flexspi_nor_config.o
         0          0       1072          0          0        847   evkbimxrt1050_sdram_ini_dcd.o
       644         70         16          8          0      17084   fsl_clock.o
       122          4          0          0          0       3498   fsl_debug_console.o
         0          0         48          0          0       2626   fsl_flexspi_nor_boot.o
       124         10          0          8          0       7924   fsl_io.o
        66          0          0          0          0       4064   fsl_log.o
      1030        126         72          4         36      33499   fsl_lpuart.o
       498          0          0          0          0       4322   fsl_str.o
       758        162          3         88        152    1420286   hid_generic.o
       104         14          0          0          0      81208   pin_mux.o
       444        210       1024          0          0       3264   startup_mimxrt1052.o
       250         26          0          4          0      36743   system_mimxrt1052.o
      1494         12         52          0          0      18016   usb_device_ch9.o
       664         44         32          0         24      10534   usb_device_class.o
       992         28         24          0        112      17294   usb_device_dci.o
       292         22          0        284          0       7435   usb_device_descriptor.o
      2988         26          8          0       1116      38801   usb_device_ehci.o
      1210         36          0          0         40      10271   usb_device_hid.o
        18          0          0          0          0      12519   usb_osa_bm.o
       184         14         24          0          0       2959   usb_phy.o

    ----------------------------------------------------------------------
     13370       1042       2936        400      19360    4509013   Object Totals
         0          0         32          0      16384          0   (incl. Generated)
        28          0          1          4       1496          0   (incl. Padding)

    ----------------------------------------------------------------------

      Code (inc. data)   RO Data    RW Data    ZI Data      Debug   Library Member Name

        86          0          0          0          0          0   __dczerorl2.o
         0          0          0          0          0          0   entry.o
         0          0          0          0          0          0   entry10a.o
         0          0          0          0          0          0   entry11a.o
         8          4          0          0          0          0   entry4.o
         4          0          0          0          0          0   entry5.o
         0          0          0          0          0          0   entry7b.o
         0          0          0          0          0          0   entry8b.o
         8          4          0          0          0          0   entry9a.o
        30          0          0          0          0          0   handlers.o
        36          8          0          0          0         68   init.o
        30          0          0          0          0         68   llshl.o
        32          0          0          0          0         68   llushr.o
        36          0          0          0          0        108   memseta.o
        14          0          0          0          0         68   strlen.o
        98          0          0          0          0         92   uldiv.o

    ----------------------------------------------------------------------
       386         16          0          0          0        472   Library Totals
         4          0          0          0          0          0   (incl. Padding)

    ----------------------------------------------------------------------

      Code (inc. data)   RO Data    RW Data    ZI Data      Debug   Library Name

       382         16          0          0          0        472   mc_w.l

    ----------------------------------------------------------------------
       386         16          0          0          0        472   Library Totals

    ----------------------------------------------------------------------

==============================================================================


      Code (inc. data)   RO Data    RW Data    ZI Data      Debug   

     13756       1058       2936        400      19360    4497665   Grand Totals
     13756       1058       2936        292      19360    4497665   ELF Image Totals (compressed)
     13756       1058       2936        292          0          0   ROM Totals

==============================================================================

    Total RO  Size (Code + RO Data)                16692 (  16.30kB)
    Total RW  Size (RW Data + ZI Data)             19760 (  19.30kB)
    Total ROM Size (Code + RO Data + RW Data)      16984 (  16.59kB)

==============================================================================

